Archive member included to satisfy reference by file (symbol)

c:/program files (x86)/atmel/studio/7.0/toolchain/avr8/avr8-gnu-toolchain/bin/../lib/gcc/avr/5.4.0/../../../../avr/lib/avr5\libm.a(divsf3.o)
                              HAL/LM35/LM35.o (__divsf3)
c:/program files (x86)/atmel/studio/7.0/toolchain/avr8/avr8-gnu-toolchain/bin/../lib/gcc/avr/5.4.0/../../../../avr/lib/avr5\libm.a(divsf3x.o)
                              c:/program files (x86)/atmel/studio/7.0/toolchain/avr8/avr8-gnu-toolchain/bin/../lib/gcc/avr/5.4.0/../../../../avr/lib/avr5\libm.a(divsf3.o) (__divsf3x)
c:/program files (x86)/atmel/studio/7.0/toolchain/avr8/avr8-gnu-toolchain/bin/../lib/gcc/avr/5.4.0/../../../../avr/lib/avr5\libm.a(fixunssfsi.o)
                              HAL/LM35/LM35.o (__fixunssfsi)
c:/program files (x86)/atmel/studio/7.0/toolchain/avr8/avr8-gnu-toolchain/bin/../lib/gcc/avr/5.4.0/../../../../avr/lib/avr5\libm.a(floatsisf.o)
                              HAL/LM35/LM35.o (__floatunsisf)
c:/program files (x86)/atmel/studio/7.0/toolchain/avr8/avr8-gnu-toolchain/bin/../lib/gcc/avr/5.4.0/../../../../avr/lib/avr5\libm.a(fp_inf.o)
                              c:/program files (x86)/atmel/studio/7.0/toolchain/avr8/avr8-gnu-toolchain/bin/../lib/gcc/avr/5.4.0/../../../../avr/lib/avr5\libm.a(divsf3x.o) (__fp_inf)
c:/program files (x86)/atmel/studio/7.0/toolchain/avr8/avr8-gnu-toolchain/bin/../lib/gcc/avr/5.4.0/../../../../avr/lib/avr5\libm.a(fp_nan.o)
                              c:/program files (x86)/atmel/studio/7.0/toolchain/avr8/avr8-gnu-toolchain/bin/../lib/gcc/avr/5.4.0/../../../../avr/lib/avr5\libm.a(divsf3x.o) (__fp_nan)
c:/program files (x86)/atmel/studio/7.0/toolchain/avr8/avr8-gnu-toolchain/bin/../lib/gcc/avr/5.4.0/../../../../avr/lib/avr5\libm.a(fp_pscA.o)
                              c:/program files (x86)/atmel/studio/7.0/toolchain/avr8/avr8-gnu-toolchain/bin/../lib/gcc/avr/5.4.0/../../../../avr/lib/avr5\libm.a(divsf3x.o) (__fp_pscA)
c:/program files (x86)/atmel/studio/7.0/toolchain/avr8/avr8-gnu-toolchain/bin/../lib/gcc/avr/5.4.0/../../../../avr/lib/avr5\libm.a(fp_pscB.o)
                              c:/program files (x86)/atmel/studio/7.0/toolchain/avr8/avr8-gnu-toolchain/bin/../lib/gcc/avr/5.4.0/../../../../avr/lib/avr5\libm.a(divsf3x.o) (__fp_pscB)
c:/program files (x86)/atmel/studio/7.0/toolchain/avr8/avr8-gnu-toolchain/bin/../lib/gcc/avr/5.4.0/../../../../avr/lib/avr5\libm.a(fp_round.o)
                              c:/program files (x86)/atmel/studio/7.0/toolchain/avr8/avr8-gnu-toolchain/bin/../lib/gcc/avr/5.4.0/../../../../avr/lib/avr5\libm.a(divsf3.o) (__fp_round)
c:/program files (x86)/atmel/studio/7.0/toolchain/avr8/avr8-gnu-toolchain/bin/../lib/gcc/avr/5.4.0/../../../../avr/lib/avr5\libm.a(fp_split3.o)
                              c:/program files (x86)/atmel/studio/7.0/toolchain/avr8/avr8-gnu-toolchain/bin/../lib/gcc/avr/5.4.0/../../../../avr/lib/avr5\libm.a(divsf3x.o) (__fp_split3)
c:/program files (x86)/atmel/studio/7.0/toolchain/avr8/avr8-gnu-toolchain/bin/../lib/gcc/avr/5.4.0/../../../../avr/lib/avr5\libm.a(fp_zero.o)
                              c:/program files (x86)/atmel/studio/7.0/toolchain/avr8/avr8-gnu-toolchain/bin/../lib/gcc/avr/5.4.0/../../../../avr/lib/avr5\libm.a(fixunssfsi.o) (__fp_zero)
c:/program files (x86)/atmel/studio/7.0/toolchain/avr8/avr8-gnu-toolchain/bin/../lib/gcc/avr/5.4.0/../../../../avr/lib/avr5\libm.a(mulsf3.o)
                              HAL/LM35/LM35.o (__mulsf3)
c:/program files (x86)/atmel/studio/7.0/toolchain/avr8/avr8-gnu-toolchain/bin/../lib/gcc/avr/5.4.0/../../../../avr/lib/avr5\libm.a(mulsf3x.o)
                              c:/program files (x86)/atmel/studio/7.0/toolchain/avr8/avr8-gnu-toolchain/bin/../lib/gcc/avr/5.4.0/../../../../avr/lib/avr5\libm.a(mulsf3.o) (__mulsf3x)
c:/program files (x86)/atmel/studio/7.0/toolchain/avr8/avr8-gnu-toolchain/bin/../lib/gcc/avr/5.4.0/avr5\libgcc.a(_udivmodhi4.o)
                              Calculator/Calculator.o (__udivmodhi4)
c:/program files (x86)/atmel/studio/7.0/toolchain/avr8/avr8-gnu-toolchain/bin/../lib/gcc/avr/5.4.0/avr5\libgcc.a(_divmodhi4.o)
                              HAL/LCD/LCD.o (__divmodhi4)
c:/program files (x86)/atmel/studio/7.0/toolchain/avr8/avr8-gnu-toolchain/bin/../lib/gcc/avr/5.4.0/avr5\libgcc.a(_exit.o)
                              C:/Program Files (x86)/Atmel/Studio/7.0/Packs/atmel/ATmega_DFP/1.6.364/gcc/dev/atmega32/avr5/crtatmega32.o (exit)
c:/program files (x86)/atmel/studio/7.0/toolchain/avr8/avr8-gnu-toolchain/bin/../lib/gcc/avr/5.4.0/avr5\libgcc.a(_copy_data.o)
                              HAL/Keys/Keypad/Keypad.o (__do_copy_data)
c:/program files (x86)/atmel/studio/7.0/toolchain/avr8/avr8-gnu-toolchain/bin/../lib/gcc/avr/5.4.0/avr5\libgcc.a(_clear_bss.o)
                              Calculator/Calculator.o (__do_clear_bss)
c:/program files (x86)/atmel/studio/7.0/toolchain/avr8/avr8-gnu-toolchain/bin/../lib/gcc/avr/5.4.0/avr5\libgcc.a(_umulhisi3.o)
                              SERVICES/PwmMangement/PwmManager.o (__umulhisi3)

Allocating common symbols
Common symbol       size              file

sign                0x1               Calculator/Calculator.o
op2                 0x5               Calculator/Calculator.o
op1                 0x5               Calculator/Calculator.o
software_pwm        0x7               main.o
toff                0x1               main.o
ton                 0x1               main.o

Discarded input sections

 .data          0x00000000        0x0 C:/Program Files (x86)/Atmel/Studio/7.0/Packs/atmel/ATmega_DFP/1.6.364/gcc/dev/atmega32/avr5/crtatmega32.o
 .bss           0x00000000        0x0 C:/Program Files (x86)/Atmel/Studio/7.0/Packs/atmel/ATmega_DFP/1.6.364/gcc/dev/atmega32/avr5/crtatmega32.o
 .text          0x00000000        0x0 Calculator/Calculator.o
 .data          0x00000000        0x0 Calculator/Calculator.o
 .bss           0x00000000        0x0 Calculator/Calculator.o
 .text.keypad_callback
                0x00000000      0x192 Calculator/Calculator.o
 .bss.pos.1817  0x00000000        0x1 Calculator/Calculator.o
 .bss.next_flag
                0x00000000        0x1 Calculator/Calculator.o
 .bss.j         0x00000000        0x1 Calculator/Calculator.o
 .bss.i         0x00000000        0x1 Calculator/Calculator.o
 .debug_info    0x00000000      0x272 Calculator/Calculator.o
 .debug_abbrev  0x00000000      0x109 Calculator/Calculator.o
 .debug_loc     0x00000000      0x17e Calculator/Calculator.o
 .debug_aranges
                0x00000000       0x20 Calculator/Calculator.o
 .debug_ranges  0x00000000       0x40 Calculator/Calculator.o
 .debug_line    0x00000000      0x229 Calculator/Calculator.o
 .debug_str     0x00000000      0x206 Calculator/Calculator.o
 .comment       0x00000000       0x31 Calculator/Calculator.o
 .debug_frame   0x00000000       0x34 Calculator/Calculator.o
 COMMON         0x00000000        0xb Calculator/Calculator.o
 .text          0x00000000        0x0 HAL/Keys/Button/button.o
 .data          0x00000000        0x0 HAL/Keys/Button/button.o
 .bss           0x00000000        0x0 HAL/Keys/Button/button.o
 .text          0x00000000        0x0 HAL/Keys/Keypad/Keypad.o
 .data          0x00000000        0x0 HAL/Keys/Keypad/Keypad.o
 .bss           0x00000000        0x0 HAL/Keys/Keypad/Keypad.o
 .text.detect_row
                0x00000000       0x56 HAL/Keys/Keypad/Keypad.o
 .text.Keypad_listen
                0x00000000      0x112 HAL/Keys/Keypad/Keypad.o
 .text.Keypad_config
                0x00000000       0x3c HAL/Keys/Keypad/Keypad.o
 .rodata.keys   0x00000000       0x10 HAL/Keys/Keypad/Keypad.o
 .rodata.key_codes
                0x00000000       0x10 HAL/Keys/Keypad/Keypad.o
 .debug_info    0x00000000      0x4cb HAL/Keys/Keypad/Keypad.o
 .debug_abbrev  0x00000000      0x22d HAL/Keys/Keypad/Keypad.o
 .debug_loc     0x00000000      0x41f HAL/Keys/Keypad/Keypad.o
 .debug_aranges
                0x00000000       0x30 HAL/Keys/Keypad/Keypad.o
 .debug_ranges  0x00000000       0x38 HAL/Keys/Keypad/Keypad.o
 .debug_line    0x00000000      0x345 HAL/Keys/Keypad/Keypad.o
 .debug_str     0x00000000      0x352 HAL/Keys/Keypad/Keypad.o
 .comment       0x00000000       0x31 HAL/Keys/Keypad/Keypad.o
 .debug_frame   0x00000000       0x88 HAL/Keys/Keypad/Keypad.o
 .text          0x00000000        0x0 HAL/LCD/LCD.o
 .data          0x00000000        0x0 HAL/LCD/LCD.o
 .bss           0x00000000        0x0 HAL/LCD/LCD.o
 .text.lcd_write_data
                0x00000000      0x130 HAL/LCD/LCD.o
 .text.LCD_write_char
                0x00000000        0xa HAL/LCD/LCD.o
 .text.LCD_clear
                0x00000000       0x14 HAL/LCD/LCD.o
 .text.LCD_write_string
                0x00000000       0x26 HAL/LCD/LCD.o
 .text.LCD_go_to
                0x00000000       0x24 HAL/LCD/LCD.o
 .text.LCD_write_number
                0x00000000       0x9c HAL/LCD/LCD.o
 .text.LCD_clear_next_chars
                0x00000000       0x1c HAL/LCD/LCD.o
 .text.LCD_string_at
                0x00000000       0x16 HAL/LCD/LCD.o
 .text          0x00000000        0x0 HAL/LM35/LM35.o
 .data          0x00000000        0x0 HAL/LM35/LM35.o
 .bss           0x00000000        0x0 HAL/LM35/LM35.o
 .text.LM53_Temp_Sensor_Init
                0x00000000        0x6 HAL/LM35/LM35.o
 .text.LM35_Get_Temperature
                0x00000000       0x78 HAL/LM35/LM35.o
 .data.lm_channel
                0x00000000        0x1 HAL/LM35/LM35.o
 .debug_info    0x00000000      0x205 HAL/LM35/LM35.o
 .debug_abbrev  0x00000000       0xde HAL/LM35/LM35.o
 .debug_loc     0x00000000       0x98 HAL/LM35/LM35.o
 .debug_aranges
                0x00000000       0x28 HAL/LM35/LM35.o
 .debug_ranges  0x00000000       0x18 HAL/LM35/LM35.o
 .debug_line    0x00000000       0xdb HAL/LM35/LM35.o
 .debug_str     0x00000000      0x7e1 HAL/LM35/LM35.o
 .comment       0x00000000       0x31 HAL/LM35/LM35.o
 .debug_frame   0x00000000       0x3c HAL/LM35/LM35.o
 .text          0x00000000        0x0 HAL/Servo/Servo.o
 .data          0x00000000        0x0 HAL/Servo/Servo.o
 .bss           0x00000000        0x0 HAL/Servo/Servo.o
 .debug_line    0x00000000        0x0 HAL/Servo/Servo.o
 .debug_str     0x00000000      0x101 HAL/Servo/Servo.o
 .comment       0x00000000       0x31 HAL/Servo/Servo.o
 .text          0x00000000        0x0 HAL/SevenSegment/SevenSegment.o
 .data          0x00000000        0x0 HAL/SevenSegment/SevenSegment.o
 .bss           0x00000000        0x0 HAL/SevenSegment/SevenSegment.o
 .text.SevenSegment_init
                0x00000000       0x82 HAL/SevenSegment/SevenSegment.o
 .text.SevenSegment_write
                0x00000000       0x5a HAL/SevenSegment/SevenSegment.o
 .debug_info    0x00000000      0x353 HAL/SevenSegment/SevenSegment.o
 .debug_abbrev  0x00000000       0xd1 HAL/SevenSegment/SevenSegment.o
 .debug_loc     0x00000000      0x146 HAL/SevenSegment/SevenSegment.o
 .debug_aranges
                0x00000000       0x28 HAL/SevenSegment/SevenSegment.o
 .debug_ranges  0x00000000       0x18 HAL/SevenSegment/SevenSegment.o
 .debug_line    0x00000000      0x164 HAL/SevenSegment/SevenSegment.o
 .debug_str     0x00000000      0x23e HAL/SevenSegment/SevenSegment.o
 .comment       0x00000000       0x31 HAL/SevenSegment/SevenSegment.o
 .debug_frame   0x00000000       0x48 HAL/SevenSegment/SevenSegment.o
 .text          0x00000000        0x0 main.o
 .data          0x00000000        0x0 main.o
 .bss           0x00000000        0x0 main.o
 .data.flag     0x00000000        0x1 main.o
 .text          0x00000000        0x0 MCAL/ADC/ADC.o
 .data          0x00000000        0x0 MCAL/ADC/ADC.o
 .bss           0x00000000        0x0 MCAL/ADC/ADC.o
 .text.ADC_init
                0x00000000       0xc6 MCAL/ADC/ADC.o
 .text.ADC_enable
                0x00000000        0x8 MCAL/ADC/ADC.o
 .text.ADC_disable
                0x00000000        0x8 MCAL/ADC/ADC.o
 .text.ADC_enable_noise_reduction
                0x00000000       0x14 MCAL/ADC/ADC.o
 .text.ADC_disable_noise_reduction
                0x00000000       0x14 MCAL/ADC/ADC.o
 .text.ADC_set_channel
                0x00000000       0x40 MCAL/ADC/ADC.o
 .text.ADC_set_prescaler
                0x00000000       0x28 MCAL/ADC/ADC.o
 .text.ADC_set_voltage_reference
                0x00000000       0x4e MCAL/ADC/ADC.o
 .text.ADC_set_auto_triggering
                0x00000000       0x70 MCAL/ADC/ADC.o
 .text.ADC_get_current_vref
                0x00000000        0x6 MCAL/ADC/ADC.o
 .text.ADC_set_interrupt_callback
                0x00000000        0xe MCAL/ADC/ADC.o
 .text.ADC_start_conversion
                0x00000000        0x8 MCAL/ADC/ADC.o
 .text.ADC_register_val
                0x00000000       0x10 MCAL/ADC/ADC.o
 .text.ADC_conversion_flag
                0x00000000       0x18 MCAL/ADC/ADC.o
 .text.ADC_set_interrupt
                0x00000000        0x8 MCAL/ADC/ADC.o
 .text.ADC_clear_interrupt
                0x00000000        0x8 MCAL/ADC/ADC.o
 .text.ADC_read
                0x00000000       0x1c MCAL/ADC/ADC.o
 .bss.Vref      0x00000000        0x1 MCAL/ADC/ADC.o
 .text          0x00000000        0x0 MCAL/GPIO/GPIO.o
 .data          0x00000000        0x0 MCAL/GPIO/GPIO.o
 .bss           0x00000000        0x0 MCAL/GPIO/GPIO.o
 .text.GPIO_init_port
                0x00000000       0x1a MCAL/GPIO/GPIO.o
 .text.GPIO_init_port_set_mask
                0x00000000       0x1e MCAL/GPIO/GPIO.o
 .text.GPIO_init_port_clear_mask
                0x00000000       0x20 MCAL/GPIO/GPIO.o
 .text.GPIO_write_port
                0x00000000       0x1a MCAL/GPIO/GPIO.o
 .text.GPIO_port_set_mask
                0x00000000       0x1e MCAL/GPIO/GPIO.o
 .text.GPIO_port_clear_mask
                0x00000000       0x20 MCAL/GPIO/GPIO.o
 .text.GPIO_read_port
                0x00000000       0x1e MCAL/GPIO/GPIO.o
 .text.GPIO_disable_pull_up_res
                0x00000000       0x62 MCAL/GPIO/GPIO.o
 .text.GPIO_disable_all_pull_up_res
                0x00000000        0x8 MCAL/GPIO/GPIO.o
 .text.GPIO_enable_all_pull_up_res
                0x00000000        0x8 MCAL/GPIO/GPIO.o
 .text          0x00000000        0x0 MCAL/INT/EXT_INT.o
 .data          0x00000000        0x0 MCAL/INT/EXT_INT.o
 .bss           0x00000000        0x0 MCAL/INT/EXT_INT.o
 .text.EXT_int0_init
                0x00000000       0x84 MCAL/INT/EXT_INT.o
 .text.EXT_int1_init
                0x00000000       0x8a MCAL/INT/EXT_INT.o
 .text.EXT_int2_init
                0x00000000       0x58 MCAL/INT/EXT_INT.o
 .text.EXT_set_interrupt
                0x00000000       0x36 MCAL/INT/EXT_INT.o
 .text.EXT_clear_interrupt
                0x00000000       0x36 MCAL/INT/EXT_INT.o
 .text.EXT_interrupt_init
                0x00000000       0x2c MCAL/INT/EXT_INT.o
 .text.EXT_set_isc
                0x00000000       0xee MCAL/INT/EXT_INT.o
 .text.EXT_set_callback
                0x00000000       0x58 MCAL/INT/EXT_INT.o
 .text          0x00000000        0x0 MCAL/SPI/SPI.o
 .data          0x00000000        0x0 MCAL/SPI/SPI.o
 .bss           0x00000000        0x0 MCAL/SPI/SPI.o
 .text.SPI_init
                0x00000000       0x32 MCAL/SPI/SPI.o
 .text.SPI_write
                0x00000000        0xa MCAL/SPI/SPI.o
 .text.SPI_read
                0x00000000        0xc MCAL/SPI/SPI.o
 .text.SPI_enable_interrupt
                0x00000000        0x8 MCAL/SPI/SPI.o
 .text.SPI_disable_interrupt
                0x00000000        0x8 MCAL/SPI/SPI.o
 .text.SPI_set_callback
                0x00000000        0x2 MCAL/SPI/SPI.o
 .debug_info    0x00000000      0x14a MCAL/SPI/SPI.o
 .debug_abbrev  0x00000000       0xcb MCAL/SPI/SPI.o
 .debug_loc     0x00000000       0x1f MCAL/SPI/SPI.o
 .debug_aranges
                0x00000000       0x48 MCAL/SPI/SPI.o
 .debug_ranges  0x00000000       0x38 MCAL/SPI/SPI.o
 .debug_line    0x00000000      0x12a MCAL/SPI/SPI.o
 .debug_str     0x00000000      0x1e7 MCAL/SPI/SPI.o
 .comment       0x00000000       0x31 MCAL/SPI/SPI.o
 .debug_frame   0x00000000       0x74 MCAL/SPI/SPI.o
 .text          0x00000000        0x0 MCAL/TIMER/TIMER0.o
 .data          0x00000000        0x0 MCAL/TIMER/TIMER0.o
 .bss           0x00000000        0x0 MCAL/TIMER/TIMER0.o
 .text.TIMER0_OV_interrupt_enable
                0x00000000        0x8 MCAL/TIMER/TIMER0.o
 .text.TIMER0_OV_interrupt_disable
                0x00000000        0x8 MCAL/TIMER/TIMER0.o
 .text.TIMER0_OV_set_callback
                0x00000000        0xe MCAL/TIMER/TIMER0.o
 .text.TIMER0_CTC_interrupt_disable
                0x00000000        0x8 MCAL/TIMER/TIMER0.o
 .text.TIMER0_set_value
                0x00000000        0x4 MCAL/TIMER/TIMER0.o
 .text.TIMER0_get_value
                0x00000000        0x4 MCAL/TIMER/TIMER0.o
 .text          0x00000000        0x0 MCAL/TIMER/TIMER1.o
 .data          0x00000000        0x0 MCAL/TIMER/TIMER1.o
 .bss           0x00000000        0x0 MCAL/TIMER/TIMER1.o
 .text.TIMER1_init
                0x00000000       0xfa MCAL/TIMER/TIMER1.o
 .text.TIMER1_set_value
                0x00000000        0x6 MCAL/TIMER/TIMER1.o
 .text.TIMERA_set_OC
                0x00000000        0x6 MCAL/TIMER/TIMER1.o
 .text.TIMERB_set_OC
                0x00000000        0x6 MCAL/TIMER/TIMER1.o
 .text.TIMER1_set_ICR
                0x00000000        0x6 MCAL/TIMER/TIMER1.o
 .text.TIMER1_stop
                0x00000000        0x8 MCAL/TIMER/TIMER1.o
 .text.TIMER1_get_value
                0x00000000       0x10 MCAL/TIMER/TIMER1.o
 .text.TIMER1_OF_interrupt_enable
                0x00000000        0x8 MCAL/TIMER/TIMER1.o
 .text.TIMER1_OF_interrupt_disable
                0x00000000        0x8 MCAL/TIMER/TIMER1.o
 .text.TIMER1_CTC_interrupt_enable
                0x00000000        0xe MCAL/TIMER/TIMER1.o
 .text.TIMER1_CTC_interrupt_disable
                0x00000000        0xe MCAL/TIMER/TIMER1.o
 .text.TIMER1_ICU_interrupt_enable
                0x00000000        0x8 MCAL/TIMER/TIMER1.o
 .text.TIMER1_ICU_interrupt_disable
                0x00000000        0x8 MCAL/TIMER/TIMER1.o
 .text.TIMER1_ICU_triggering
                0x00000000       0x18 MCAL/TIMER/TIMER1.o
 .text.TIMER1_set_OF_callback
                0x00000000        0x2 MCAL/TIMER/TIMER1.o
 .text.TIMERA_set_CTC_callback
                0x00000000        0x2 MCAL/TIMER/TIMER1.o
 .text.TIMERB_set_CTC_callback
                0x00000000        0x2 MCAL/TIMER/TIMER1.o
 .text.TIMER1_set_ICU_callback
                0x00000000        0x2 MCAL/TIMER/TIMER1.o
 .debug_info    0x00000000      0x459 MCAL/TIMER/TIMER1.o
 .debug_abbrev  0x00000000       0xd4 MCAL/TIMER/TIMER1.o
 .debug_loc     0x00000000       0x7c MCAL/TIMER/TIMER1.o
 .debug_aranges
                0x00000000       0xa8 MCAL/TIMER/TIMER1.o
 .debug_ranges  0x00000000       0x98 MCAL/TIMER/TIMER1.o
 .debug_line    0x00000000      0x2ce MCAL/TIMER/TIMER1.o
 .debug_str     0x00000000      0x607 MCAL/TIMER/TIMER1.o
 .comment       0x00000000       0x31 MCAL/TIMER/TIMER1.o
 .debug_frame   0x00000000      0x134 MCAL/TIMER/TIMER1.o
 .text          0x00000000        0x0 MCAL/TIMER/TIMER2.o
 .data          0x00000000        0x0 MCAL/TIMER/TIMER2.o
 .bss           0x00000000        0x0 MCAL/TIMER/TIMER2.o
 .text.TIMER2_Init
                0x00000000       0x8a MCAL/TIMER/TIMER2.o
 .text.TIMER2_OV_interrupt_enable
                0x00000000        0x8 MCAL/TIMER/TIMER2.o
 .text.TIMER2_OV_interrupt_disable
                0x00000000        0x8 MCAL/TIMER/TIMER2.o
 .text.TIMER2_OV_set_callback
                0x00000000        0xe MCAL/TIMER/TIMER2.o
 .text.TIMER2_CTC_interrupt_enable
                0x00000000        0x8 MCAL/TIMER/TIMER2.o
 .text.TIMER2_CTC_interrupt_disable
                0x00000000        0x8 MCAL/TIMER/TIMER2.o
 .text.TIMER2_CTC_set_callback
                0x00000000        0xe MCAL/TIMER/TIMER2.o
 .text.TIMER2_set_value
                0x00000000        0x4 MCAL/TIMER/TIMER2.o
 .text.TIMER2_set_OC
                0x00000000        0x4 MCAL/TIMER/TIMER2.o
 .text.TIMER2_get_value
                0x00000000        0x4 MCAL/TIMER/TIMER2.o
 .text          0x00000000        0x0 MCAL/TWI/TWI.o
 .data          0x00000000        0x0 MCAL/TWI/TWI.o
 .bss           0x00000000        0x0 MCAL/TWI/TWI.o
 .debug_line    0x00000000        0x0 MCAL/TWI/TWI.o
 .debug_str     0x00000000       0xfe MCAL/TWI/TWI.o
 .comment       0x00000000       0x31 MCAL/TWI/TWI.o
 .text          0x00000000        0x0 MCAL/UART/UART.o
 .data          0x00000000        0x0 MCAL/UART/UART.o
 .bss           0x00000000        0x0 MCAL/UART/UART.o
 .text.UART_init
                0x00000000       0x44 MCAL/UART/UART.o
 .text.UART_send_byte
                0x00000000        0x8 MCAL/UART/UART.o
 .text.UART_receive_byte
                0x00000000        0x8 MCAL/UART/UART.o
 .text.UART_send_byte_NOBLOCK
                0x00000000        0x6 MCAL/UART/UART.o
 .text.UART_receive_byte_NOBLOCK
                0x00000000       0x12 MCAL/UART/UART.o
 .text.UART_rx_interrupt_enable
                0x00000000        0x8 MCAL/UART/UART.o
 .text.UART_rx_interrupt_disable
                0x00000000        0x8 MCAL/UART/UART.o
 .text.UART_tx_interrupt_enable
                0x00000000        0x8 MCAL/UART/UART.o
 .text.UART_tx_interrupt_disable
                0x00000000        0x8 MCAL/UART/UART.o
 .text.UART_tx_set_callback
                0x00000000        0xe MCAL/UART/UART.o
 .text.UART_rx_set_callback
                0x00000000        0xe MCAL/UART/UART.o
 .text.UART_send_byte_direct
                0x00000000        0x4 MCAL/UART/UART.o
 .text.UART_receive_byte_direct
                0x00000000        0x4 MCAL/UART/UART.o
 .text          0x00000000        0x0 SERVICES/PwmMangement/PwmManager.o
 .data          0x00000000        0x0 SERVICES/PwmMangement/PwmManager.o
 .bss           0x00000000        0x0 SERVICES/PwmMangement/PwmManager.o
 .text          0x00000000        0x0 SERVICES/UART_Services/UART_Services.o
 .data          0x00000000        0x0 SERVICES/UART_Services/UART_Services.o
 .bss           0x00000000        0x0 SERVICES/UART_Services/UART_Services.o
 .text.tx_callback
                0x00000000       0x32 SERVICES/UART_Services/UART_Services.o
 .text.rx_callback
                0x00000000       0x4a SERVICES/UART_Services/UART_Services.o
 .text.serialWrite
                0x00000000       0x26 SERVICES/UART_Services/UART_Services.o
 .text.serialRead
                0x00000000       0x42 SERVICES/UART_Services/UART_Services.o
 .text.serialWrite_async
                0x00000000       0x26 SERVICES/UART_Services/UART_Services.o
 .text.serialRead_async
                0x00000000       0x16 SERVICES/UART_Services/UART_Services.o
 .text.asyncRxCompleteFlag
                0x00000000       0x10 SERVICES/UART_Services/UART_Services.o
 .text.serialWrite_SUM
                0x00000000       0x44 SERVICES/UART_Services/UART_Services.o
 .text.serialRead_SUM
                0x00000000       0x6c SERVICES/UART_Services/UART_Services.o
 .text.setRxBufferSize
                0x00000000        0x2 SERVICES/UART_Services/UART_Services.o
 .bss.i.1645    0x00000000        0x1 SERVICES/UART_Services/UART_Services.o
 .data.i.1642   0x00000000        0x1 SERVICES/UART_Services/UART_Services.o
 .bss.rx_async_flag
                0x00000000        0x1 SERVICES/UART_Services/UART_Services.o
 .bss.async_rx_buffer
                0x00000000        0x2 SERVICES/UART_Services/UART_Services.o
 .bss.async_tx_buffer
                0x00000000        0x2 SERVICES/UART_Services/UART_Services.o
 .debug_info    0x00000000      0x44b SERVICES/UART_Services/UART_Services.o
 .debug_abbrev  0x00000000      0x1a1 SERVICES/UART_Services/UART_Services.o
 .debug_loc     0x00000000      0x3e4 SERVICES/UART_Services/UART_Services.o
 .debug_aranges
                0x00000000       0x68 SERVICES/UART_Services/UART_Services.o
 .debug_ranges  0x00000000       0x58 SERVICES/UART_Services/UART_Services.o
 .debug_line    0x00000000      0x2ed SERVICES/UART_Services/UART_Services.o
 .debug_str     0x00000000      0x34c SERVICES/UART_Services/UART_Services.o
 .comment       0x00000000       0x31 SERVICES/UART_Services/UART_Services.o
 .debug_frame   0x00000000      0x134 SERVICES/UART_Services/UART_Services.o
 .text          0x00000000        0x0 c:/program files (x86)/atmel/studio/7.0/toolchain/avr8/avr8-gnu-toolchain/bin/../lib/gcc/avr/5.4.0/../../../../avr/lib/avr5\libm.a(divsf3.o)
 .data          0x00000000        0x0 c:/program files (x86)/atmel/studio/7.0/toolchain/avr8/avr8-gnu-toolchain/bin/../lib/gcc/avr/5.4.0/../../../../avr/lib/avr5\libm.a(divsf3.o)
 .bss           0x00000000        0x0 c:/program files (x86)/atmel/studio/7.0/toolchain/avr8/avr8-gnu-toolchain/bin/../lib/gcc/avr/5.4.0/../../../../avr/lib/avr5\libm.a(divsf3.o)
 .text.avr-libc.fplib
                0x00000000        0x8 c:/program files (x86)/atmel/studio/7.0/toolchain/avr8/avr8-gnu-toolchain/bin/../lib/gcc/avr/5.4.0/../../../../avr/lib/avr5\libm.a(divsf3.o)
 .text          0x00000000        0x0 c:/program files (x86)/atmel/studio/7.0/toolchain/avr8/avr8-gnu-toolchain/bin/../lib/gcc/avr/5.4.0/../../../../avr/lib/avr5\libm.a(divsf3x.o)
 .data          0x00000000        0x0 c:/program files (x86)/atmel/studio/7.0/toolchain/avr8/avr8-gnu-toolchain/bin/../lib/gcc/avr/5.4.0/../../../../avr/lib/avr5\libm.a(divsf3x.o)
 .bss           0x00000000        0x0 c:/program files (x86)/atmel/studio/7.0/toolchain/avr8/avr8-gnu-toolchain/bin/../lib/gcc/avr/5.4.0/../../../../avr/lib/avr5\libm.a(divsf3x.o)
 .text.avr-libc.fplib
                0x00000000       0xdc c:/program files (x86)/atmel/studio/7.0/toolchain/avr8/avr8-gnu-toolchain/bin/../lib/gcc/avr/5.4.0/../../../../avr/lib/avr5\libm.a(divsf3x.o)
 .text          0x00000000        0x0 c:/program files (x86)/atmel/studio/7.0/toolchain/avr8/avr8-gnu-toolchain/bin/../lib/gcc/avr/5.4.0/../../../../avr/lib/avr5\libm.a(fixunssfsi.o)
 .data          0x00000000        0x0 c:/program files (x86)/atmel/studio/7.0/toolchain/avr8/avr8-gnu-toolchain/bin/../lib/gcc/avr/5.4.0/../../../../avr/lib/avr5\libm.a(fixunssfsi.o)
 .bss           0x00000000        0x0 c:/program files (x86)/atmel/studio/7.0/toolchain/avr8/avr8-gnu-toolchain/bin/../lib/gcc/avr/5.4.0/../../../../avr/lib/avr5\libm.a(fixunssfsi.o)
 .text.avr-libc.fplib
                0x00000000       0x5e c:/program files (x86)/atmel/studio/7.0/toolchain/avr8/avr8-gnu-toolchain/bin/../lib/gcc/avr/5.4.0/../../../../avr/lib/avr5\libm.a(fixunssfsi.o)
 .text          0x00000000        0x0 c:/program files (x86)/atmel/studio/7.0/toolchain/avr8/avr8-gnu-toolchain/bin/../lib/gcc/avr/5.4.0/../../../../avr/lib/avr5\libm.a(floatsisf.o)
 .data          0x00000000        0x0 c:/program files (x86)/atmel/studio/7.0/toolchain/avr8/avr8-gnu-toolchain/bin/../lib/gcc/avr/5.4.0/../../../../avr/lib/avr5\libm.a(floatsisf.o)
 .bss           0x00000000        0x0 c:/program files (x86)/atmel/studio/7.0/toolchain/avr8/avr8-gnu-toolchain/bin/../lib/gcc/avr/5.4.0/../../../../avr/lib/avr5\libm.a(floatsisf.o)
 .text.avr-libc.fplib
                0x00000000       0x7a c:/program files (x86)/atmel/studio/7.0/toolchain/avr8/avr8-gnu-toolchain/bin/../lib/gcc/avr/5.4.0/../../../../avr/lib/avr5\libm.a(floatsisf.o)
 .text          0x00000000        0x0 c:/program files (x86)/atmel/studio/7.0/toolchain/avr8/avr8-gnu-toolchain/bin/../lib/gcc/avr/5.4.0/../../../../avr/lib/avr5\libm.a(fp_inf.o)
 .data          0x00000000        0x0 c:/program files (x86)/atmel/studio/7.0/toolchain/avr8/avr8-gnu-toolchain/bin/../lib/gcc/avr/5.4.0/../../../../avr/lib/avr5\libm.a(fp_inf.o)
 .bss           0x00000000        0x0 c:/program files (x86)/atmel/studio/7.0/toolchain/avr8/avr8-gnu-toolchain/bin/../lib/gcc/avr/5.4.0/../../../../avr/lib/avr5\libm.a(fp_inf.o)
 .text.avr-libc.fplib
                0x00000000        0xc c:/program files (x86)/atmel/studio/7.0/toolchain/avr8/avr8-gnu-toolchain/bin/../lib/gcc/avr/5.4.0/../../../../avr/lib/avr5\libm.a(fp_inf.o)
 .text          0x00000000        0x0 c:/program files (x86)/atmel/studio/7.0/toolchain/avr8/avr8-gnu-toolchain/bin/../lib/gcc/avr/5.4.0/../../../../avr/lib/avr5\libm.a(fp_nan.o)
 .data          0x00000000        0x0 c:/program files (x86)/atmel/studio/7.0/toolchain/avr8/avr8-gnu-toolchain/bin/../lib/gcc/avr/5.4.0/../../../../avr/lib/avr5\libm.a(fp_nan.o)
 .bss           0x00000000        0x0 c:/program files (x86)/atmel/studio/7.0/toolchain/avr8/avr8-gnu-toolchain/bin/../lib/gcc/avr/5.4.0/../../../../avr/lib/avr5\libm.a(fp_nan.o)
 .text.avr-libc.fplib
                0x00000000        0x6 c:/program files (x86)/atmel/studio/7.0/toolchain/avr8/avr8-gnu-toolchain/bin/../lib/gcc/avr/5.4.0/../../../../avr/lib/avr5\libm.a(fp_nan.o)
 .text          0x00000000        0x0 c:/program files (x86)/atmel/studio/7.0/toolchain/avr8/avr8-gnu-toolchain/bin/../lib/gcc/avr/5.4.0/../../../../avr/lib/avr5\libm.a(fp_pscA.o)
 .data          0x00000000        0x0 c:/program files (x86)/atmel/studio/7.0/toolchain/avr8/avr8-gnu-toolchain/bin/../lib/gcc/avr/5.4.0/../../../../avr/lib/avr5\libm.a(fp_pscA.o)
 .bss           0x00000000        0x0 c:/program files (x86)/atmel/studio/7.0/toolchain/avr8/avr8-gnu-toolchain/bin/../lib/gcc/avr/5.4.0/../../../../avr/lib/avr5\libm.a(fp_pscA.o)
 .text.avr-libc.fplib
                0x00000000        0xe c:/program files (x86)/atmel/studio/7.0/toolchain/avr8/avr8-gnu-toolchain/bin/../lib/gcc/avr/5.4.0/../../../../avr/lib/avr5\libm.a(fp_pscA.o)
 .text          0x00000000        0x0 c:/program files (x86)/atmel/studio/7.0/toolchain/avr8/avr8-gnu-toolchain/bin/../lib/gcc/avr/5.4.0/../../../../avr/lib/avr5\libm.a(fp_pscB.o)
 .data          0x00000000        0x0 c:/program files (x86)/atmel/studio/7.0/toolchain/avr8/avr8-gnu-toolchain/bin/../lib/gcc/avr/5.4.0/../../../../avr/lib/avr5\libm.a(fp_pscB.o)
 .bss           0x00000000        0x0 c:/program files (x86)/atmel/studio/7.0/toolchain/avr8/avr8-gnu-toolchain/bin/../lib/gcc/avr/5.4.0/../../../../avr/lib/avr5\libm.a(fp_pscB.o)
 .text.avr-libc.fplib
                0x00000000        0xe c:/program files (x86)/atmel/studio/7.0/toolchain/avr8/avr8-gnu-toolchain/bin/../lib/gcc/avr/5.4.0/../../../../avr/lib/avr5\libm.a(fp_pscB.o)
 .text          0x00000000        0x0 c:/program files (x86)/atmel/studio/7.0/toolchain/avr8/avr8-gnu-toolchain/bin/../lib/gcc/avr/5.4.0/../../../../avr/lib/avr5\libm.a(fp_round.o)
 .data          0x00000000        0x0 c:/program files (x86)/atmel/studio/7.0/toolchain/avr8/avr8-gnu-toolchain/bin/../lib/gcc/avr/5.4.0/../../../../avr/lib/avr5\libm.a(fp_round.o)
 .bss           0x00000000        0x0 c:/program files (x86)/atmel/studio/7.0/toolchain/avr8/avr8-gnu-toolchain/bin/../lib/gcc/avr/5.4.0/../../../../avr/lib/avr5\libm.a(fp_round.o)
 .text.avr-libc.fplib
                0x00000000       0x22 c:/program files (x86)/atmel/studio/7.0/toolchain/avr8/avr8-gnu-toolchain/bin/../lib/gcc/avr/5.4.0/../../../../avr/lib/avr5\libm.a(fp_round.o)
 .text          0x00000000        0x0 c:/program files (x86)/atmel/studio/7.0/toolchain/avr8/avr8-gnu-toolchain/bin/../lib/gcc/avr/5.4.0/../../../../avr/lib/avr5\libm.a(fp_split3.o)
 .data          0x00000000        0x0 c:/program files (x86)/atmel/studio/7.0/toolchain/avr8/avr8-gnu-toolchain/bin/../lib/gcc/avr/5.4.0/../../../../avr/lib/avr5\libm.a(fp_split3.o)
 .bss           0x00000000        0x0 c:/program files (x86)/atmel/studio/7.0/toolchain/avr8/avr8-gnu-toolchain/bin/../lib/gcc/avr/5.4.0/../../../../avr/lib/avr5\libm.a(fp_split3.o)
 .text.avr-libc.fplib
                0x00000000       0x44 c:/program files (x86)/atmel/studio/7.0/toolchain/avr8/avr8-gnu-toolchain/bin/../lib/gcc/avr/5.4.0/../../../../avr/lib/avr5\libm.a(fp_split3.o)
 .text          0x00000000        0x0 c:/program files (x86)/atmel/studio/7.0/toolchain/avr8/avr8-gnu-toolchain/bin/../lib/gcc/avr/5.4.0/../../../../avr/lib/avr5\libm.a(fp_zero.o)
 .data          0x00000000        0x0 c:/program files (x86)/atmel/studio/7.0/toolchain/avr8/avr8-gnu-toolchain/bin/../lib/gcc/avr/5.4.0/../../../../avr/lib/avr5\libm.a(fp_zero.o)
 .bss           0x00000000        0x0 c:/program files (x86)/atmel/studio/7.0/toolchain/avr8/avr8-gnu-toolchain/bin/../lib/gcc/avr/5.4.0/../../../../avr/lib/avr5\libm.a(fp_zero.o)
 .text.avr-libc.fplib
                0x00000000        0xe c:/program files (x86)/atmel/studio/7.0/toolchain/avr8/avr8-gnu-toolchain/bin/../lib/gcc/avr/5.4.0/../../../../avr/lib/avr5\libm.a(fp_zero.o)
 .text          0x00000000        0x0 c:/program files (x86)/atmel/studio/7.0/toolchain/avr8/avr8-gnu-toolchain/bin/../lib/gcc/avr/5.4.0/../../../../avr/lib/avr5\libm.a(mulsf3.o)
 .data          0x00000000        0x0 c:/program files (x86)/atmel/studio/7.0/toolchain/avr8/avr8-gnu-toolchain/bin/../lib/gcc/avr/5.4.0/../../../../avr/lib/avr5\libm.a(mulsf3.o)
 .bss           0x00000000        0x0 c:/program files (x86)/atmel/studio/7.0/toolchain/avr8/avr8-gnu-toolchain/bin/../lib/gcc/avr/5.4.0/../../../../avr/lib/avr5\libm.a(mulsf3.o)
 .text.avr-libc.fplib
                0x00000000        0x8 c:/program files (x86)/atmel/studio/7.0/toolchain/avr8/avr8-gnu-toolchain/bin/../lib/gcc/avr/5.4.0/../../../../avr/lib/avr5\libm.a(mulsf3.o)
 .text          0x00000000        0x0 c:/program files (x86)/atmel/studio/7.0/toolchain/avr8/avr8-gnu-toolchain/bin/../lib/gcc/avr/5.4.0/../../../../avr/lib/avr5\libm.a(mulsf3x.o)
 .data          0x00000000        0x0 c:/program files (x86)/atmel/studio/7.0/toolchain/avr8/avr8-gnu-toolchain/bin/../lib/gcc/avr/5.4.0/../../../../avr/lib/avr5\libm.a(mulsf3x.o)
 .bss           0x00000000        0x0 c:/program files (x86)/atmel/studio/7.0/toolchain/avr8/avr8-gnu-toolchain/bin/../lib/gcc/avr/5.4.0/../../../../avr/lib/avr5\libm.a(mulsf3x.o)
 .text.avr-libc.fplib
                0x00000000       0xd2 c:/program files (x86)/atmel/studio/7.0/toolchain/avr8/avr8-gnu-toolchain/bin/../lib/gcc/avr/5.4.0/../../../../avr/lib/avr5\libm.a(mulsf3x.o)
 .text          0x00000000        0x0 c:/program files (x86)/atmel/studio/7.0/toolchain/avr8/avr8-gnu-toolchain/bin/../lib/gcc/avr/5.4.0/avr5\libgcc.a(_udivmodhi4.o)
 .data          0x00000000        0x0 c:/program files (x86)/atmel/studio/7.0/toolchain/avr8/avr8-gnu-toolchain/bin/../lib/gcc/avr/5.4.0/avr5\libgcc.a(_udivmodhi4.o)
 .bss           0x00000000        0x0 c:/program files (x86)/atmel/studio/7.0/toolchain/avr8/avr8-gnu-toolchain/bin/../lib/gcc/avr/5.4.0/avr5\libgcc.a(_udivmodhi4.o)
 .text.libgcc.mul
                0x00000000        0x0 c:/program files (x86)/atmel/studio/7.0/toolchain/avr8/avr8-gnu-toolchain/bin/../lib/gcc/avr/5.4.0/avr5\libgcc.a(_udivmodhi4.o)
 .text.libgcc   0x00000000        0x0 c:/program files (x86)/atmel/studio/7.0/toolchain/avr8/avr8-gnu-toolchain/bin/../lib/gcc/avr/5.4.0/avr5\libgcc.a(_udivmodhi4.o)
 .text.libgcc.prologue
                0x00000000        0x0 c:/program files (x86)/atmel/studio/7.0/toolchain/avr8/avr8-gnu-toolchain/bin/../lib/gcc/avr/5.4.0/avr5\libgcc.a(_udivmodhi4.o)
 .text.libgcc.builtins
                0x00000000        0x0 c:/program files (x86)/atmel/studio/7.0/toolchain/avr8/avr8-gnu-toolchain/bin/../lib/gcc/avr/5.4.0/avr5\libgcc.a(_udivmodhi4.o)
 .text.libgcc.fmul
                0x00000000        0x0 c:/program files (x86)/atmel/studio/7.0/toolchain/avr8/avr8-gnu-toolchain/bin/../lib/gcc/avr/5.4.0/avr5\libgcc.a(_udivmodhi4.o)
 .text.libgcc.fixed
                0x00000000        0x0 c:/program files (x86)/atmel/studio/7.0/toolchain/avr8/avr8-gnu-toolchain/bin/../lib/gcc/avr/5.4.0/avr5\libgcc.a(_udivmodhi4.o)
 .text          0x00000000        0x0 c:/program files (x86)/atmel/studio/7.0/toolchain/avr8/avr8-gnu-toolchain/bin/../lib/gcc/avr/5.4.0/avr5\libgcc.a(_divmodhi4.o)
 .data          0x00000000        0x0 c:/program files (x86)/atmel/studio/7.0/toolchain/avr8/avr8-gnu-toolchain/bin/../lib/gcc/avr/5.4.0/avr5\libgcc.a(_divmodhi4.o)
 .bss           0x00000000        0x0 c:/program files (x86)/atmel/studio/7.0/toolchain/avr8/avr8-gnu-toolchain/bin/../lib/gcc/avr/5.4.0/avr5\libgcc.a(_divmodhi4.o)
 .text.libgcc.mul
                0x00000000        0x0 c:/program files (x86)/atmel/studio/7.0/toolchain/avr8/avr8-gnu-toolchain/bin/../lib/gcc/avr/5.4.0/avr5\libgcc.a(_divmodhi4.o)
 .text.libgcc   0x00000000        0x0 c:/program files (x86)/atmel/studio/7.0/toolchain/avr8/avr8-gnu-toolchain/bin/../lib/gcc/avr/5.4.0/avr5\libgcc.a(_divmodhi4.o)
 .text.libgcc.prologue
                0x00000000        0x0 c:/program files (x86)/atmel/studio/7.0/toolchain/avr8/avr8-gnu-toolchain/bin/../lib/gcc/avr/5.4.0/avr5\libgcc.a(_divmodhi4.o)
 .text.libgcc.builtins
                0x00000000        0x0 c:/program files (x86)/atmel/studio/7.0/toolchain/avr8/avr8-gnu-toolchain/bin/../lib/gcc/avr/5.4.0/avr5\libgcc.a(_divmodhi4.o)
 .text.libgcc.fmul
                0x00000000        0x0 c:/program files (x86)/atmel/studio/7.0/toolchain/avr8/avr8-gnu-toolchain/bin/../lib/gcc/avr/5.4.0/avr5\libgcc.a(_divmodhi4.o)
 .text.libgcc.fixed
                0x00000000        0x0 c:/program files (x86)/atmel/studio/7.0/toolchain/avr8/avr8-gnu-toolchain/bin/../lib/gcc/avr/5.4.0/avr5\libgcc.a(_divmodhi4.o)
 .text          0x00000000        0x0 c:/program files (x86)/atmel/studio/7.0/toolchain/avr8/avr8-gnu-toolchain/bin/../lib/gcc/avr/5.4.0/avr5\libgcc.a(_exit.o)
 .data          0x00000000        0x0 c:/program files (x86)/atmel/studio/7.0/toolchain/avr8/avr8-gnu-toolchain/bin/../lib/gcc/avr/5.4.0/avr5\libgcc.a(_exit.o)
 .bss           0x00000000        0x0 c:/program files (x86)/atmel/studio/7.0/toolchain/avr8/avr8-gnu-toolchain/bin/../lib/gcc/avr/5.4.0/avr5\libgcc.a(_exit.o)
 .text.libgcc.mul
                0x00000000        0x0 c:/program files (x86)/atmel/studio/7.0/toolchain/avr8/avr8-gnu-toolchain/bin/../lib/gcc/avr/5.4.0/avr5\libgcc.a(_exit.o)
 .text.libgcc.div
                0x00000000        0x0 c:/program files (x86)/atmel/studio/7.0/toolchain/avr8/avr8-gnu-toolchain/bin/../lib/gcc/avr/5.4.0/avr5\libgcc.a(_exit.o)
 .text.libgcc   0x00000000        0x0 c:/program files (x86)/atmel/studio/7.0/toolchain/avr8/avr8-gnu-toolchain/bin/../lib/gcc/avr/5.4.0/avr5\libgcc.a(_exit.o)
 .text.libgcc.prologue
                0x00000000        0x0 c:/program files (x86)/atmel/studio/7.0/toolchain/avr8/avr8-gnu-toolchain/bin/../lib/gcc/avr/5.4.0/avr5\libgcc.a(_exit.o)
 .text.libgcc.builtins
                0x00000000        0x0 c:/program files (x86)/atmel/studio/7.0/toolchain/avr8/avr8-gnu-toolchain/bin/../lib/gcc/avr/5.4.0/avr5\libgcc.a(_exit.o)
 .text.libgcc.fmul
                0x00000000        0x0 c:/program files (x86)/atmel/studio/7.0/toolchain/avr8/avr8-gnu-toolchain/bin/../lib/gcc/avr/5.4.0/avr5\libgcc.a(_exit.o)
 .text.libgcc.fixed
                0x00000000        0x0 c:/program files (x86)/atmel/studio/7.0/toolchain/avr8/avr8-gnu-toolchain/bin/../lib/gcc/avr/5.4.0/avr5\libgcc.a(_exit.o)
 .text          0x00000000        0x0 c:/program files (x86)/atmel/studio/7.0/toolchain/avr8/avr8-gnu-toolchain/bin/../lib/gcc/avr/5.4.0/avr5\libgcc.a(_copy_data.o)
 .data          0x00000000        0x0 c:/program files (x86)/atmel/studio/7.0/toolchain/avr8/avr8-gnu-toolchain/bin/../lib/gcc/avr/5.4.0/avr5\libgcc.a(_copy_data.o)
 .bss           0x00000000        0x0 c:/program files (x86)/atmel/studio/7.0/toolchain/avr8/avr8-gnu-toolchain/bin/../lib/gcc/avr/5.4.0/avr5\libgcc.a(_copy_data.o)
 .text.libgcc.mul
                0x00000000        0x0 c:/program files (x86)/atmel/studio/7.0/toolchain/avr8/avr8-gnu-toolchain/bin/../lib/gcc/avr/5.4.0/avr5\libgcc.a(_copy_data.o)
 .text.libgcc.div
                0x00000000        0x0 c:/program files (x86)/atmel/studio/7.0/toolchain/avr8/avr8-gnu-toolchain/bin/../lib/gcc/avr/5.4.0/avr5\libgcc.a(_copy_data.o)
 .text.libgcc   0x00000000        0x0 c:/program files (x86)/atmel/studio/7.0/toolchain/avr8/avr8-gnu-toolchain/bin/../lib/gcc/avr/5.4.0/avr5\libgcc.a(_copy_data.o)
 .text.libgcc.prologue
                0x00000000        0x0 c:/program files (x86)/atmel/studio/7.0/toolchain/avr8/avr8-gnu-toolchain/bin/../lib/gcc/avr/5.4.0/avr5\libgcc.a(_copy_data.o)
 .text.libgcc.builtins
                0x00000000        0x0 c:/program files (x86)/atmel/studio/7.0/toolchain/avr8/avr8-gnu-toolchain/bin/../lib/gcc/avr/5.4.0/avr5\libgcc.a(_copy_data.o)
 .text.libgcc.fmul
                0x00000000        0x0 c:/program files (x86)/atmel/studio/7.0/toolchain/avr8/avr8-gnu-toolchain/bin/../lib/gcc/avr/5.4.0/avr5\libgcc.a(_copy_data.o)
 .text.libgcc.fixed
                0x00000000        0x0 c:/program files (x86)/atmel/studio/7.0/toolchain/avr8/avr8-gnu-toolchain/bin/../lib/gcc/avr/5.4.0/avr5\libgcc.a(_copy_data.o)
 .text          0x00000000        0x0 c:/program files (x86)/atmel/studio/7.0/toolchain/avr8/avr8-gnu-toolchain/bin/../lib/gcc/avr/5.4.0/avr5\libgcc.a(_clear_bss.o)
 .data          0x00000000        0x0 c:/program files (x86)/atmel/studio/7.0/toolchain/avr8/avr8-gnu-toolchain/bin/../lib/gcc/avr/5.4.0/avr5\libgcc.a(_clear_bss.o)
 .bss           0x00000000        0x0 c:/program files (x86)/atmel/studio/7.0/toolchain/avr8/avr8-gnu-toolchain/bin/../lib/gcc/avr/5.4.0/avr5\libgcc.a(_clear_bss.o)
 .text.libgcc.mul
                0x00000000        0x0 c:/program files (x86)/atmel/studio/7.0/toolchain/avr8/avr8-gnu-toolchain/bin/../lib/gcc/avr/5.4.0/avr5\libgcc.a(_clear_bss.o)
 .text.libgcc.div
                0x00000000        0x0 c:/program files (x86)/atmel/studio/7.0/toolchain/avr8/avr8-gnu-toolchain/bin/../lib/gcc/avr/5.4.0/avr5\libgcc.a(_clear_bss.o)
 .text.libgcc   0x00000000        0x0 c:/program files (x86)/atmel/studio/7.0/toolchain/avr8/avr8-gnu-toolchain/bin/../lib/gcc/avr/5.4.0/avr5\libgcc.a(_clear_bss.o)
 .text.libgcc.prologue
                0x00000000        0x0 c:/program files (x86)/atmel/studio/7.0/toolchain/avr8/avr8-gnu-toolchain/bin/../lib/gcc/avr/5.4.0/avr5\libgcc.a(_clear_bss.o)
 .text.libgcc.builtins
                0x00000000        0x0 c:/program files (x86)/atmel/studio/7.0/toolchain/avr8/avr8-gnu-toolchain/bin/../lib/gcc/avr/5.4.0/avr5\libgcc.a(_clear_bss.o)
 .text.libgcc.fmul
                0x00000000        0x0 c:/program files (x86)/atmel/studio/7.0/toolchain/avr8/avr8-gnu-toolchain/bin/../lib/gcc/avr/5.4.0/avr5\libgcc.a(_clear_bss.o)
 .text.libgcc.fixed
                0x00000000        0x0 c:/program files (x86)/atmel/studio/7.0/toolchain/avr8/avr8-gnu-toolchain/bin/../lib/gcc/avr/5.4.0/avr5\libgcc.a(_clear_bss.o)
 .text          0x00000000        0x0 c:/program files (x86)/atmel/studio/7.0/toolchain/avr8/avr8-gnu-toolchain/bin/../lib/gcc/avr/5.4.0/avr5\libgcc.a(_umulhisi3.o)
 .data          0x00000000        0x0 c:/program files (x86)/atmel/studio/7.0/toolchain/avr8/avr8-gnu-toolchain/bin/../lib/gcc/avr/5.4.0/avr5\libgcc.a(_umulhisi3.o)
 .bss           0x00000000        0x0 c:/program files (x86)/atmel/studio/7.0/toolchain/avr8/avr8-gnu-toolchain/bin/../lib/gcc/avr/5.4.0/avr5\libgcc.a(_umulhisi3.o)
 .text.libgcc.div
                0x00000000        0x0 c:/program files (x86)/atmel/studio/7.0/toolchain/avr8/avr8-gnu-toolchain/bin/../lib/gcc/avr/5.4.0/avr5\libgcc.a(_umulhisi3.o)
 .text.libgcc   0x00000000        0x0 c:/program files (x86)/atmel/studio/7.0/toolchain/avr8/avr8-gnu-toolchain/bin/../lib/gcc/avr/5.4.0/avr5\libgcc.a(_umulhisi3.o)
 .text.libgcc.prologue
                0x00000000        0x0 c:/program files (x86)/atmel/studio/7.0/toolchain/avr8/avr8-gnu-toolchain/bin/../lib/gcc/avr/5.4.0/avr5\libgcc.a(_umulhisi3.o)
 .text.libgcc.builtins
                0x00000000        0x0 c:/program files (x86)/atmel/studio/7.0/toolchain/avr8/avr8-gnu-toolchain/bin/../lib/gcc/avr/5.4.0/avr5\libgcc.a(_umulhisi3.o)
 .text.libgcc.fmul
                0x00000000        0x0 c:/program files (x86)/atmel/studio/7.0/toolchain/avr8/avr8-gnu-toolchain/bin/../lib/gcc/avr/5.4.0/avr5\libgcc.a(_umulhisi3.o)
 .text.libgcc.fixed
                0x00000000        0x0 c:/program files (x86)/atmel/studio/7.0/toolchain/avr8/avr8-gnu-toolchain/bin/../lib/gcc/avr/5.4.0/avr5\libgcc.a(_umulhisi3.o)

Memory Configuration

Name             Origin             Length             Attributes
text             0x00000000         0x00008000         xr
data             0x00800060         0x00000800         rw !x
eeprom           0x00810000         0x00000400         rw !x
fuse             0x00820000         0x00000002         rw !x
lock             0x00830000         0x00000400         rw !x
signature        0x00840000         0x00000400         rw !x
user_signatures  0x00850000         0x00000400         rw !x
*default*        0x00000000         0xffffffff

Linker script and memory map

LOAD C:/Program Files (x86)/Atmel/Studio/7.0/Packs/atmel/ATmega_DFP/1.6.364/gcc/dev/atmega32/avr5/crtatmega32.o
LOAD Calculator/Calculator.o
LOAD HAL/Keys/Button/button.o
LOAD HAL/Keys/Keypad/Keypad.o
LOAD HAL/LCD/LCD.o
LOAD HAL/LM35/LM35.o
LOAD HAL/Servo/Servo.o
LOAD HAL/SevenSegment/SevenSegment.o
LOAD main.o
LOAD MCAL/ADC/ADC.o
LOAD MCAL/GPIO/GPIO.o
LOAD MCAL/INT/EXT_INT.o
LOAD MCAL/SPI/SPI.o
LOAD MCAL/TIMER/TIMER0.o
LOAD MCAL/TIMER/TIMER1.o
LOAD MCAL/TIMER/TIMER2.o
LOAD MCAL/TWI/TWI.o
LOAD MCAL/UART/UART.o
LOAD SERVICES/PwmMangement/PwmManager.o
LOAD SERVICES/UART_Services/UART_Services.o
START GROUP
LOAD c:/program files (x86)/atmel/studio/7.0/toolchain/avr8/avr8-gnu-toolchain/bin/../lib/gcc/avr/5.4.0/../../../../avr/lib/avr5\libm.a
END GROUP
START GROUP
LOAD c:/program files (x86)/atmel/studio/7.0/toolchain/avr8/avr8-gnu-toolchain/bin/../lib/gcc/avr/5.4.0/avr5\libgcc.a
LOAD c:/program files (x86)/atmel/studio/7.0/toolchain/avr8/avr8-gnu-toolchain/bin/../lib/gcc/avr/5.4.0/../../../../avr/lib/avr5\libm.a
LOAD c:/program files (x86)/atmel/studio/7.0/toolchain/avr8/avr8-gnu-toolchain/bin/../lib/gcc/avr/5.4.0/../../../../avr/lib/avr5\libc.a
LOAD C:/Program Files (x86)/Atmel/Studio/7.0/Packs/atmel/ATmega_DFP/1.6.364/gcc/dev/atmega32/avr5\libatmega32.a
END GROUP
                0x00000000                __TEXT_REGION_ORIGIN__ = DEFINED (__TEXT_REGION_ORIGIN__)?__TEXT_REGION_ORIGIN__:0x0
                [0x00800060]                __DATA_REGION_ORIGIN__ = DEFINED (__DATA_REGION_ORIGIN__)?__DATA_REGION_ORIGIN__:0x800060
                [0x00008000]                __TEXT_REGION_LENGTH__ = DEFINED (__TEXT_REGION_LENGTH__)?__TEXT_REGION_LENGTH__:0x20000
                [0x00000800]                __DATA_REGION_LENGTH__ = DEFINED (__DATA_REGION_LENGTH__)?__DATA_REGION_LENGTH__:0xffa0
                [0x00000400]                __EEPROM_REGION_LENGTH__ = DEFINED (__EEPROM_REGION_LENGTH__)?__EEPROM_REGION_LENGTH__:0x10000
                [0x00000002]                __FUSE_REGION_LENGTH__ = DEFINED (__FUSE_REGION_LENGTH__)?__FUSE_REGION_LENGTH__:0x400
                0x00000400                __LOCK_REGION_LENGTH__ = DEFINED (__LOCK_REGION_LENGTH__)?__LOCK_REGION_LENGTH__:0x400
                0x00000400                __SIGNATURE_REGION_LENGTH__ = DEFINED (__SIGNATURE_REGION_LENGTH__)?__SIGNATURE_REGION_LENGTH__:0x400
                0x00000400                __USER_SIGNATURE_REGION_LENGTH__ = DEFINED (__USER_SIGNATURE_REGION_LENGTH__)?__USER_SIGNATURE_REGION_LENGTH__:0x400

.hash
 *(.hash)

.dynsym
 *(.dynsym)

.dynstr
 *(.dynstr)

.gnu.version
 *(.gnu.version)

.gnu.version_d
 *(.gnu.version_d)

.gnu.version_r
 *(.gnu.version_r)

.rel.init
 *(.rel.init)

.rela.init
 *(.rela.init)

.rel.text
 *(.rel.text)
 *(.rel.text.*)
 *(.rel.gnu.linkonce.t*)

.rela.text
 *(.rela.text)
 *(.rela.text.*)
 *(.rela.gnu.linkonce.t*)

.rel.fini
 *(.rel.fini)

.rela.fini
 *(.rela.fini)

.rel.rodata
 *(.rel.rodata)
 *(.rel.rodata.*)
 *(.rel.gnu.linkonce.r*)

.rela.rodata
 *(.rela.rodata)
 *(.rela.rodata.*)
 *(.rela.gnu.linkonce.r*)

.rel.data
 *(.rel.data)
 *(.rel.data.*)
 *(.rel.gnu.linkonce.d*)

.rela.data
 *(.rela.data)
 *(.rela.data.*)
 *(.rela.gnu.linkonce.d*)

.rel.ctors
 *(.rel.ctors)

.rela.ctors
 *(.rela.ctors)

.rel.dtors
 *(.rel.dtors)

.rela.dtors
 *(.rela.dtors)

.rel.got
 *(.rel.got)

.rela.got
 *(.rela.got)

.rel.bss
 *(.rel.bss)

.rela.bss
 *(.rela.bss)

.rel.plt
 *(.rel.plt)

.rela.plt
 *(.rela.plt)

.text           0x00000000      0xb3e
 *(.vectors)
 .vectors       0x00000000       0x54 C:/Program Files (x86)/Atmel/Studio/7.0/Packs/atmel/ATmega_DFP/1.6.364/gcc/dev/atmega32/avr5/crtatmega32.o
                0x00000000                __vector_default
                0x00000000                __vectors
 *(.vectors)
 *(.progmem.gcc*)
                0x00000054                . = ALIGN (0x2)
                0x00000054                __trampolines_start = .
 *(.trampolines)
 .trampolines   0x00000054        0x0 linker stubs
 *(.trampolines*)
                0x00000054                __trampolines_end = .
 *libprintf_flt.a:*(.progmem.data)
 *libc.a:*(.progmem.data)
 *(.progmem*)
                0x00000054                . = ALIGN (0x2)
 *(.jumptables)
 *(.jumptables*)
 *(.lowtext)
 *(.lowtext*)
                0x00000054                __ctors_start = .
 *(.ctors)
                0x00000054                __ctors_end = .
                0x00000054                __dtors_start = .
 *(.dtors)
                0x00000054                __dtors_end = .
 SORT(*)(.ctors)
 SORT(*)(.dtors)
 *(.init0)
 .init0         0x00000054        0x0 C:/Program Files (x86)/Atmel/Studio/7.0/Packs/atmel/ATmega_DFP/1.6.364/gcc/dev/atmega32/avr5/crtatmega32.o
                0x00000054                __init
 *(.init0)
 *(.init1)
 *(.init1)
 *(.init2)
 .init2         0x00000054        0xc C:/Program Files (x86)/Atmel/Studio/7.0/Packs/atmel/ATmega_DFP/1.6.364/gcc/dev/atmega32/avr5/crtatmega32.o
 *(.init2)
 *(.init3)
 *(.init3)
 *(.init4)
 .init4         0x00000060       0x16 c:/program files (x86)/atmel/studio/7.0/toolchain/avr8/avr8-gnu-toolchain/bin/../lib/gcc/avr/5.4.0/avr5\libgcc.a(_copy_data.o)
                0x00000060                __do_copy_data
 .init4         0x00000076       0x10 c:/program files (x86)/atmel/studio/7.0/toolchain/avr8/avr8-gnu-toolchain/bin/../lib/gcc/avr/5.4.0/avr5\libgcc.a(_clear_bss.o)
                0x00000076                __do_clear_bss
 *(.init4)
 *(.init5)
 *(.init5)
 *(.init6)
 *(.init6)
 *(.init7)
 *(.init7)
 *(.init8)
 *(.init8)
 *(.init9)
 .init9         0x00000086        0x8 C:/Program Files (x86)/Atmel/Studio/7.0/Packs/atmel/ATmega_DFP/1.6.364/gcc/dev/atmega32/avr5/crtatmega32.o
 *(.init9)
 *(.text)
 .text          0x0000008e        0x4 C:/Program Files (x86)/Atmel/Studio/7.0/Packs/atmel/ATmega_DFP/1.6.364/gcc/dev/atmega32/avr5/crtatmega32.o
                0x0000008e                __vector_12
                0x0000008e                __bad_interrupt
                0x0000008e                __vector_6
                0x0000008e                __vector_17
                0x0000008e                __vector_19
                0x0000008e                __vector_7
                0x0000008e                __vector_9
                0x0000008e                __vector_8
                0x0000008e                __vector_14
                0x0000008e                __vector_18
                0x0000008e                __vector_20
                0x00000092                . = ALIGN (0x2)
 *(.text.*)
 .text.Button_listen
                0x00000092       0xa6 HAL/Keys/Button/button.o
                0x00000092                Button_listen
 .text.Button_config
                0x00000138       0x42 HAL/Keys/Button/button.o
                0x00000138                Button_config
 .text.lcd_write_command
                0x0000017a      0x130 HAL/LCD/LCD.o
 .text.LCD_Init
                0x000002aa       0xb0 HAL/LCD/LCD.o
                0x000002aa                LCD_Init
 .text.ext_int  0x0000035a       0x16 main.o
                0x0000035a                ext_int
 .text.main     0x00000370       0x8c main.o
                0x00000370                main
 .text.__vector_16
                0x000003fc       0x52 MCAL/ADC/ADC.o
                0x000003fc                __vector_16
 .text.GPIO_init_pin
                0x0000044e       0x54 MCAL/GPIO/GPIO.o
                0x0000044e                GPIO_init_pin
 .text.GPIO_write_pin
                0x000004a2       0x4c MCAL/GPIO/GPIO.o
                0x000004a2                GPIO_write_pin
 .text.GPIO_toggle_pin
                0x000004ee       0x3a MCAL/GPIO/GPIO.o
                0x000004ee                GPIO_toggle_pin
 .text.GPIO_read_pin
                0x00000528       0x4a MCAL/GPIO/GPIO.o
                0x00000528                GPIO_read_pin
 .text.GPIO_enable_pull_up_res
                0x00000572       0x60 MCAL/GPIO/GPIO.o
                0x00000572                GPIO_enable_pull_up_res
 .text.__vector_1
                0x000005d2       0x4e MCAL/INT/EXT_INT.o
                0x000005d2                __vector_1
 .text.__vector_2
                0x00000620       0x4e MCAL/INT/EXT_INT.o
                0x00000620                __vector_2
 .text.__vector_3
                0x0000066e       0x4e MCAL/INT/EXT_INT.o
                0x0000066e                __vector_3
 .text.TIMER0_Init
                0x000006bc       0x8a MCAL/TIMER/TIMER0.o
                0x000006bc                TIMER0_Init
 .text.TIMER0_CTC_interrupt_enable
                0x00000746        0x8 MCAL/TIMER/TIMER0.o
                0x00000746                TIMER0_CTC_interrupt_enable
 .text.TIMER0_CTC_set_callback
                0x0000074e        0xe MCAL/TIMER/TIMER0.o
                0x0000074e                TIMER0_CTC_set_callback
 .text.TIMER0_set_OC
                0x0000075c        0x4 MCAL/TIMER/TIMER0.o
                0x0000075c                TIMER0_set_OC
 .text.__vector_11
                0x00000760       0x52 MCAL/TIMER/TIMER0.o
                0x00000760                __vector_11
 .text.__vector_10
                0x000007b2       0x52 MCAL/TIMER/TIMER0.o
                0x000007b2                __vector_10
 .text.__vector_5
                0x00000804       0x52 MCAL/TIMER/TIMER2.o
                0x00000804                __vector_5
 .text.__vector_4
                0x00000856       0x52 MCAL/TIMER/TIMER2.o
                0x00000856                __vector_4
 .text.__vector_13
                0x000008a8       0x52 MCAL/UART/UART.o
                0x000008a8                __vector_13
 .text.__vector_15
                0x000008fa       0x52 MCAL/UART/UART.o
                0x000008fa                __vector_15
 .text.add_sw_pwm
                0x0000094c       0x36 SERVICES/PwmMangement/PwmManager.o
 .text.pwm_func
                0x00000982       0xc6 SERVICES/PwmMangement/PwmManager.o
 .text.PWM_init
                0x00000a48       0x24 SERVICES/PwmMangement/PwmManager.o
                0x00000a48                PWM_init
 .text.SW_PWM_config
                0x00000a6c       0x60 SERVICES/PwmMangement/PwmManager.o
                0x00000a6c                SW_PWM_config
 .text.libgcc.div
                0x00000acc       0x28 c:/program files (x86)/atmel/studio/7.0/toolchain/avr8/avr8-gnu-toolchain/bin/../lib/gcc/avr/5.4.0/avr5\libgcc.a(_udivmodhi4.o)
                0x00000acc                __udivmodhi4
 .text.libgcc.div
                0x00000af4       0x28 c:/program files (x86)/atmel/studio/7.0/toolchain/avr8/avr8-gnu-toolchain/bin/../lib/gcc/avr/5.4.0/avr5\libgcc.a(_divmodhi4.o)
                0x00000af4                _div
                0x00000af4                __divmodhi4
 .text.libgcc.mul
                0x00000b1c       0x1e c:/program files (x86)/atmel/studio/7.0/toolchain/avr8/avr8-gnu-toolchain/bin/../lib/gcc/avr/5.4.0/avr5\libgcc.a(_umulhisi3.o)
                0x00000b1c                __umulhisi3
                0x00000b3a                . = ALIGN (0x2)
 *(.fini9)
 .fini9         0x00000b3a        0x0 c:/program files (x86)/atmel/studio/7.0/toolchain/avr8/avr8-gnu-toolchain/bin/../lib/gcc/avr/5.4.0/avr5\libgcc.a(_exit.o)
                0x00000b3a                _exit
                0x00000b3a                exit
 *(.fini9)
 *(.fini8)
 *(.fini8)
 *(.fini7)
 *(.fini7)
 *(.fini6)
 *(.fini6)
 *(.fini5)
 *(.fini5)
 *(.fini4)
 *(.fini4)
 *(.fini3)
 *(.fini3)
 *(.fini2)
 *(.fini2)
 *(.fini1)
 *(.fini1)
 *(.fini0)
 .fini0         0x00000b3a        0x4 c:/program files (x86)/atmel/studio/7.0/toolchain/avr8/avr8-gnu-toolchain/bin/../lib/gcc/avr/5.4.0/avr5\libgcc.a(_exit.o)
 *(.fini0)
                0x00000b3e                _etext = .

.data           0x00800060       0x18 load address 0x00000b3e
                0x00800060                PROVIDE (__data_start, .)
 *(.data)
 *(.data*)
 .data.output_registers
                0x00800060        0x8 MCAL/GPIO/GPIO.o
                0x00800060                output_registers
 .data.input_registers
                0x00800068        0x8 MCAL/GPIO/GPIO.o
                0x00800068                input_registers
 .data.direction_regisers
                0x00800070        0x8 MCAL/GPIO/GPIO.o
                0x00800070                direction_regisers
 *(.gnu.linkonce.d*)
 *(.rodata)
 *(.rodata*)
 *(.gnu.linkonce.r*)
                0x00800078                . = ALIGN (0x2)
                0x00800078                _edata = .
                0x00800078                PROVIDE (__data_end, .)

.bss            0x00800078       0x33
                0x00800078                PROVIDE (__bss_start, .)
 *(.bss)
 *(.bss*)
 .bss.adc_isr   0x00800078        0x2 MCAL/ADC/ADC.o
 .bss.EXT_int2_isr
                0x0080007a        0x2 MCAL/INT/EXT_INT.o
 .bss.EXT_int1_isr
                0x0080007c        0x2 MCAL/INT/EXT_INT.o
 .bss.EXT_int0_isr
                0x0080007e        0x2 MCAL/INT/EXT_INT.o
 .bss.timer0_ctc_isr
                0x00800080        0x2 MCAL/TIMER/TIMER0.o
 .bss.timer0_of_isr
                0x00800082        0x2 MCAL/TIMER/TIMER0.o
 .bss.timer2_ctc_isr
                0x00800084        0x2 MCAL/TIMER/TIMER2.o
 .bss.timer2_of_isr
                0x00800086        0x2 MCAL/TIMER/TIMER2.o
 .bss.uart_rx_callback
                0x00800088        0x2 MCAL/UART/UART.o
 .bss.uart_tx_callback
                0x0080008a        0x2 MCAL/UART/UART.o
 .bss.initilaized
                0x0080008c        0x1 SERVICES/PwmMangement/PwmManager.o
 .bss.pointer   0x0080008d        0x1 SERVICES/PwmMangement/PwmManager.o
 .bss.pins      0x0080008e       0x14 SERVICES/PwmMangement/PwmManager.o
 *(COMMON)
 COMMON         0x008000a2        0x9 main.o
                0x008000a2                software_pwm
                0x008000a9                toff
                0x008000aa                ton
                0x008000ab                PROVIDE (__bss_end, .)
                0x00000b3e                __data_load_start = LOADADDR (.data)
                0x00000b56                __data_load_end = (__data_load_start + SIZEOF (.data))

.noinit         0x008000ab        0x0
                [!provide]                PROVIDE (__noinit_start, .)
 *(.noinit*)
                [!provide]                PROVIDE (__noinit_end, .)
                0x008000ab                _end = .
                [!provide]                PROVIDE (__heap_start, .)

.eeprom         0x00810000        0x0
 *(.eeprom*)
                0x00810000                __eeprom_end = .

.fuse
 *(.fuse)
 *(.lfuse)
 *(.hfuse)
 *(.efuse)

.lock
 *(.lock*)

.signature
 *(.signature*)

.user_signatures
 *(.user_signatures*)

.stab
 *(.stab)

.stabstr
 *(.stabstr)

.stab.excl
 *(.stab.excl)

.stab.exclstr
 *(.stab.exclstr)

.stab.index
 *(.stab.index)

.stab.indexstr
 *(.stab.indexstr)

.comment        0x00000000       0x30
 *(.comment)
 .comment       0x00000000       0x30 HAL/Keys/Button/button.o
                                 0x31 (size before relaxing)
 .comment       0x00000030       0x31 HAL/LCD/LCD.o
 .comment       0x00000030       0x31 main.o
 .comment       0x00000030       0x31 MCAL/ADC/ADC.o
 .comment       0x00000030       0x31 MCAL/GPIO/GPIO.o
 .comment       0x00000030       0x31 MCAL/INT/EXT_INT.o
 .comment       0x00000030       0x31 MCAL/TIMER/TIMER0.o
 .comment       0x00000030       0x31 MCAL/TIMER/TIMER2.o
 .comment       0x00000030       0x31 MCAL/UART/UART.o
 .comment       0x00000030       0x31 SERVICES/PwmMangement/PwmManager.o

.note.gnu.avr.deviceinfo
                0x00000000       0x3c
 .note.gnu.avr.deviceinfo
                0x00000000       0x3c C:/Program Files (x86)/Atmel/Studio/7.0/Packs/atmel/ATmega_DFP/1.6.364/gcc/dev/atmega32/avr5/crtatmega32.o

.note.gnu.build-id
 *(.note.gnu.build-id)

.debug
 *(.debug)

.line
 *(.line)

.debug_srcinfo
 *(.debug_srcinfo)

.debug_sfnames
 *(.debug_sfnames)

.debug_aranges  0x00000000      0x418
 *(.debug_aranges)
 .debug_aranges
                0x00000000       0x28 HAL/Keys/Button/button.o
 .debug_aranges
                0x00000028       0x68 HAL/LCD/LCD.o
 .debug_aranges
                0x00000090       0x28 main.o
 .debug_aranges
                0x000000b8       0xa8 MCAL/ADC/ADC.o
 .debug_aranges
                0x00000160       0x90 MCAL/GPIO/GPIO.o
 .debug_aranges
                0x000001f0       0x70 MCAL/INT/EXT_INT.o
 .debug_aranges
                0x00000260       0x78 MCAL/TIMER/TIMER0.o
 .debug_aranges
                0x000002d8       0x78 MCAL/TIMER/TIMER2.o
 .debug_aranges
                0x00000350       0x90 MCAL/UART/UART.o
 .debug_aranges
                0x000003e0       0x38 SERVICES/PwmMangement/PwmManager.o

.debug_pubnames
 *(.debug_pubnames)

.debug_info     0x00000000     0x326e
 *(.debug_info .gnu.linkonce.wi.*)
 .debug_info    0x00000000      0x4e6 C:/Program Files (x86)/Atmel/Studio/7.0/Packs/atmel/ATmega_DFP/1.6.364/gcc/dev/atmega32/avr5/crtatmega32.o
 .debug_info    0x000004e6      0x330 HAL/Keys/Button/button.o
 .debug_info    0x00000816      0xc5c HAL/LCD/LCD.o
 .debug_info    0x00001472      0x4be main.o
 .debug_info    0x00001930      0x47f MCAL/ADC/ADC.o
 .debug_info    0x00001daf      0x498 MCAL/GPIO/GPIO.o
 .debug_info    0x00002247      0x3c7 MCAL/INT/EXT_INT.o
 .debug_info    0x0000260e      0x2d7 MCAL/TIMER/TIMER0.o
 .debug_info    0x000028e5      0x2d7 MCAL/TIMER/TIMER2.o
 .debug_info    0x00002bbc      0x273 MCAL/UART/UART.o
 .debug_info    0x00002e2f      0x43f SERVICES/PwmMangement/PwmManager.o

.debug_abbrev   0x00000000     0x1277
 *(.debug_abbrev)
 .debug_abbrev  0x00000000      0x4a3 C:/Program Files (x86)/Atmel/Studio/7.0/Packs/atmel/ATmega_DFP/1.6.364/gcc/dev/atmega32/avr5/crtatmega32.o
 .debug_abbrev  0x000004a3      0x17a HAL/Keys/Button/button.o
 .debug_abbrev  0x0000061d      0x221 HAL/LCD/LCD.o
 .debug_abbrev  0x0000083e      0x1ab main.o
 .debug_abbrev  0x000009e9      0x13d MCAL/ADC/ADC.o
 .debug_abbrev  0x00000b26      0x11b MCAL/GPIO/GPIO.o
 .debug_abbrev  0x00000c41      0x185 MCAL/INT/EXT_INT.o
 .debug_abbrev  0x00000dc6      0x106 MCAL/TIMER/TIMER0.o
 .debug_abbrev  0x00000ecc      0x106 MCAL/TIMER/TIMER2.o
 .debug_abbrev  0x00000fd2      0x10c MCAL/UART/UART.o
 .debug_abbrev  0x000010de      0x199 SERVICES/PwmMangement/PwmManager.o

.debug_line     0x00000000     0x1e37
 *(.debug_line .debug_line.* .debug_line_end)
 .debug_line    0x00000000      0x116 C:/Program Files (x86)/Atmel/Studio/7.0/Packs/atmel/ATmega_DFP/1.6.364/gcc/dev/atmega32/avr5/crtatmega32.o
 .debug_line    0x00000116      0x26f HAL/Keys/Button/button.o
 .debug_line    0x00000385      0x4a3 HAL/LCD/LCD.o
 .debug_line    0x00000828      0x22d main.o
 .debug_line    0x00000a55      0x324 MCAL/ADC/ADC.o
 .debug_line    0x00000d79      0x2cb MCAL/GPIO/GPIO.o
 .debug_line    0x00001044      0x55c MCAL/INT/EXT_INT.o
 .debug_line    0x000015a0      0x1ff MCAL/TIMER/TIMER0.o
 .debug_line    0x0000179f      0x1ff MCAL/TIMER/TIMER2.o
 .debug_line    0x0000199e      0x256 MCAL/UART/UART.o
 .debug_line    0x00001bf4      0x243 SERVICES/PwmMangement/PwmManager.o

.debug_frame    0x00000000      0xac4
 *(.debug_frame)
 .debug_frame   0x00000000       0x68 HAL/Keys/Button/button.o
 .debug_frame   0x00000068      0x10c HAL/LCD/LCD.o
 .debug_frame   0x00000174       0x44 main.o
 .debug_frame   0x000001b8      0x17c MCAL/ADC/ADC.o
 .debug_frame   0x00000334      0x104 MCAL/GPIO/GPIO.o
 .debug_frame   0x00000438      0x19c MCAL/INT/EXT_INT.o
 .debug_frame   0x000005d4      0x164 MCAL/TIMER/TIMER0.o
 .debug_frame   0x00000738      0x164 MCAL/TIMER/TIMER2.o
 .debug_frame   0x0000089c      0x194 MCAL/UART/UART.o
 .debug_frame   0x00000a30       0x94 SERVICES/PwmMangement/PwmManager.o

.debug_str      0x00000000     0x17a1
 *(.debug_str)
 .debug_str     0x00000000      0x196 C:/Program Files (x86)/Atmel/Studio/7.0/Packs/atmel/ATmega_DFP/1.6.364/gcc/dev/atmega32/avr5/crtatmega32.o
 .debug_str     0x00000196      0x2fb HAL/Keys/Button/button.o
                                0x342 (size before relaxing)
 .debug_str     0x00000491       0xdb HAL/LCD/LCD.o
                                0x2e7 (size before relaxing)
 .debug_str     0x0000056c       0x9d main.o
                                0x3a2 (size before relaxing)
 .debug_str     0x00000609      0x8f2 MCAL/ADC/ADC.o
                                0xa62 (size before relaxing)
 .debug_str     0x00000efb      0x13f MCAL/GPIO/GPIO.o
                                0x336 (size before relaxing)
 .debug_str     0x0000103a      0x1b1 MCAL/INT/EXT_INT.o
                                0x318 (size before relaxing)
 .debug_str     0x000011eb      0x268 MCAL/TIMER/TIMER0.o
                                0x3d3 (size before relaxing)
 .debug_str     0x00001453      0x125 MCAL/TIMER/TIMER2.o
                                0x3d1 (size before relaxing)
 .debug_str     0x00001578      0x185 MCAL/UART/UART.o
                                0x2eb (size before relaxing)
 .debug_str     0x000016fd       0xa4 SERVICES/PwmMangement/PwmManager.o
                                0x42b (size before relaxing)

.debug_loc      0x00000000     0x204b
 *(.debug_loc)
 .debug_loc     0x00000000      0x22e HAL/Keys/Button/button.o
 .debug_loc     0x0000022e      0x7de HAL/LCD/LCD.o
 .debug_loc     0x00000a0c       0x47 main.o
 .debug_loc     0x00000a53      0x1aa MCAL/ADC/ADC.o
 .debug_loc     0x00000bfd      0x45c MCAL/GPIO/GPIO.o
 .debug_loc     0x00001059      0x755 MCAL/INT/EXT_INT.o
 .debug_loc     0x000017ae      0x244 MCAL/TIMER/TIMER0.o
 .debug_loc     0x000019f2      0x244 MCAL/TIMER/TIMER2.o
 .debug_loc     0x00001c36      0x1dc MCAL/UART/UART.o
 .debug_loc     0x00001e12      0x239 SERVICES/PwmMangement/PwmManager.o

.debug_macinfo
 *(.debug_macinfo)

.debug_weaknames
 *(.debug_weaknames)

.debug_funcnames
 *(.debug_funcnames)

.debug_typenames
 *(.debug_typenames)

.debug_varnames
 *(.debug_varnames)

.debug_pubtypes
 *(.debug_pubtypes)

.debug_ranges   0x00000000      0x378
 *(.debug_ranges)
 .debug_ranges  0x00000000       0x18 HAL/Keys/Button/button.o
 .debug_ranges  0x00000018       0x58 HAL/LCD/LCD.o
 .debug_ranges  0x00000070       0x18 main.o
 .debug_ranges  0x00000088       0x98 MCAL/ADC/ADC.o
 .debug_ranges  0x00000120       0x80 MCAL/GPIO/GPIO.o
 .debug_ranges  0x000001a0       0x60 MCAL/INT/EXT_INT.o
 .debug_ranges  0x00000200       0x68 MCAL/TIMER/TIMER0.o
 .debug_ranges  0x00000268       0x68 MCAL/TIMER/TIMER2.o
 .debug_ranges  0x000002d0       0x80 MCAL/UART/UART.o
 .debug_ranges  0x00000350       0x28 SERVICES/PwmMangement/PwmManager.o

.debug_macro
 *(.debug_macro)
OUTPUT(Hope.elf elf32-avr)
LOAD linker stubs
