Archive member included to satisfy reference by file (symbol)

c:/program files (x86)/atmel/studio/7.0/toolchain/avr8/avr8-gnu-toolchain/bin/../lib/gcc/avr/5.4.0/../../../../avr/lib/avr5\libm.a(divsf3.o)
                              HAL/LM35/LM35.o (__divsf3)
c:/program files (x86)/atmel/studio/7.0/toolchain/avr8/avr8-gnu-toolchain/bin/../lib/gcc/avr/5.4.0/../../../../avr/lib/avr5\libm.a(divsf3x.o)
                              c:/program files (x86)/atmel/studio/7.0/toolchain/avr8/avr8-gnu-toolchain/bin/../lib/gcc/avr/5.4.0/../../../../avr/lib/avr5\libm.a(divsf3.o) (__divsf3x)
c:/program files (x86)/atmel/studio/7.0/toolchain/avr8/avr8-gnu-toolchain/bin/../lib/gcc/avr/5.4.0/../../../../avr/lib/avr5\libm.a(fixunssfsi.o)
                              HAL/LM35/LM35.o (__fixunssfsi)
c:/program files (x86)/atmel/studio/7.0/toolchain/avr8/avr8-gnu-toolchain/bin/../lib/gcc/avr/5.4.0/../../../../avr/lib/avr5\libm.a(floatsisf.o)
                              HAL/LM35/LM35.o (__floatunsisf)
c:/program files (x86)/atmel/studio/7.0/toolchain/avr8/avr8-gnu-toolchain/bin/../lib/gcc/avr/5.4.0/../../../../avr/lib/avr5\libm.a(fp_inf.o)
                              c:/program files (x86)/atmel/studio/7.0/toolchain/avr8/avr8-gnu-toolchain/bin/../lib/gcc/avr/5.4.0/../../../../avr/lib/avr5\libm.a(divsf3x.o) (__fp_inf)
c:/program files (x86)/atmel/studio/7.0/toolchain/avr8/avr8-gnu-toolchain/bin/../lib/gcc/avr/5.4.0/../../../../avr/lib/avr5\libm.a(fp_nan.o)
                              c:/program files (x86)/atmel/studio/7.0/toolchain/avr8/avr8-gnu-toolchain/bin/../lib/gcc/avr/5.4.0/../../../../avr/lib/avr5\libm.a(divsf3x.o) (__fp_nan)
c:/program files (x86)/atmel/studio/7.0/toolchain/avr8/avr8-gnu-toolchain/bin/../lib/gcc/avr/5.4.0/../../../../avr/lib/avr5\libm.a(fp_pscA.o)
                              c:/program files (x86)/atmel/studio/7.0/toolchain/avr8/avr8-gnu-toolchain/bin/../lib/gcc/avr/5.4.0/../../../../avr/lib/avr5\libm.a(divsf3x.o) (__fp_pscA)
c:/program files (x86)/atmel/studio/7.0/toolchain/avr8/avr8-gnu-toolchain/bin/../lib/gcc/avr/5.4.0/../../../../avr/lib/avr5\libm.a(fp_pscB.o)
                              c:/program files (x86)/atmel/studio/7.0/toolchain/avr8/avr8-gnu-toolchain/bin/../lib/gcc/avr/5.4.0/../../../../avr/lib/avr5\libm.a(divsf3x.o) (__fp_pscB)
c:/program files (x86)/atmel/studio/7.0/toolchain/avr8/avr8-gnu-toolchain/bin/../lib/gcc/avr/5.4.0/../../../../avr/lib/avr5\libm.a(fp_round.o)
                              c:/program files (x86)/atmel/studio/7.0/toolchain/avr8/avr8-gnu-toolchain/bin/../lib/gcc/avr/5.4.0/../../../../avr/lib/avr5\libm.a(divsf3.o) (__fp_round)
c:/program files (x86)/atmel/studio/7.0/toolchain/avr8/avr8-gnu-toolchain/bin/../lib/gcc/avr/5.4.0/../../../../avr/lib/avr5\libm.a(fp_split3.o)
                              c:/program files (x86)/atmel/studio/7.0/toolchain/avr8/avr8-gnu-toolchain/bin/../lib/gcc/avr/5.4.0/../../../../avr/lib/avr5\libm.a(divsf3x.o) (__fp_split3)
c:/program files (x86)/atmel/studio/7.0/toolchain/avr8/avr8-gnu-toolchain/bin/../lib/gcc/avr/5.4.0/../../../../avr/lib/avr5\libm.a(fp_zero.o)
                              c:/program files (x86)/atmel/studio/7.0/toolchain/avr8/avr8-gnu-toolchain/bin/../lib/gcc/avr/5.4.0/../../../../avr/lib/avr5\libm.a(fixunssfsi.o) (__fp_zero)
c:/program files (x86)/atmel/studio/7.0/toolchain/avr8/avr8-gnu-toolchain/bin/../lib/gcc/avr/5.4.0/../../../../avr/lib/avr5\libm.a(mulsf3.o)
                              HAL/LM35/LM35.o (__mulsf3)
c:/program files (x86)/atmel/studio/7.0/toolchain/avr8/avr8-gnu-toolchain/bin/../lib/gcc/avr/5.4.0/../../../../avr/lib/avr5\libm.a(mulsf3x.o)
                              c:/program files (x86)/atmel/studio/7.0/toolchain/avr8/avr8-gnu-toolchain/bin/../lib/gcc/avr/5.4.0/../../../../avr/lib/avr5\libm.a(mulsf3.o) (__mulsf3x)
c:/program files (x86)/atmel/studio/7.0/toolchain/avr8/avr8-gnu-toolchain/bin/../lib/gcc/avr/5.4.0/avr5\libgcc.a(_exit.o)
                              C:/Program Files (x86)/Atmel/Studio/7.0/Packs/atmel/ATmega_DFP/1.6.364/gcc/dev/atmega32/avr5/crtatmega32.o (exit)
c:/program files (x86)/atmel/studio/7.0/toolchain/avr8/avr8-gnu-toolchain/bin/../lib/gcc/avr/5.4.0/avr5\libgcc.a(_copy_data.o)
                              HAL/LM35/LM35.o (__do_copy_data)
c:/program files (x86)/atmel/studio/7.0/toolchain/avr8/avr8-gnu-toolchain/bin/../lib/gcc/avr/5.4.0/avr5\libgcc.a(_clear_bss.o)
                              main.o (__do_clear_bss)
c:/program files (x86)/atmel/studio/7.0/toolchain/avr8/avr8-gnu-toolchain/bin/../lib/gcc/avr/5.4.0/avr5\libgcc.a(_umulhisi3.o)
                              HAL/LCD/LCD.o (__umulhisi3)

Discarded input sections

 .data          0x00000000        0x0 C:/Program Files (x86)/Atmel/Studio/7.0/Packs/atmel/ATmega_DFP/1.6.364/gcc/dev/atmega32/avr5/crtatmega32.o
 .bss           0x00000000        0x0 C:/Program Files (x86)/Atmel/Studio/7.0/Packs/atmel/ATmega_DFP/1.6.364/gcc/dev/atmega32/avr5/crtatmega32.o
 .text          0x00000000        0x0 HAL/Button/button.o
 .data          0x00000000        0x0 HAL/Button/button.o
 .bss           0x00000000        0x0 HAL/Button/button.o
 .text          0x00000000        0x0 HAL/Keypad/Keypad.o
 .data          0x00000000        0x0 HAL/Keypad/Keypad.o
 .bss           0x00000000        0x0 HAL/Keypad/Keypad.o
 .debug_line    0x00000000        0x0 HAL/Keypad/Keypad.o
 .debug_str     0x00000000      0x103 HAL/Keypad/Keypad.o
 .comment       0x00000000       0x31 HAL/Keypad/Keypad.o
 .text          0x00000000        0x0 HAL/LCD/LCD.o
 .data          0x00000000        0x0 HAL/LCD/LCD.o
 .bss           0x00000000        0x0 HAL/LCD/LCD.o
 .text.LCD_clear
                0x00000000       0x14 HAL/LCD/LCD.o
 .text.LCD_clear_next_chars
                0x00000000       0x1c HAL/LCD/LCD.o
 .text          0x00000000        0x0 HAL/LM35/LM35.o
 .data          0x00000000        0x0 HAL/LM35/LM35.o
 .bss           0x00000000        0x0 HAL/LM35/LM35.o
 .text.LM53_Temp_Sensor_Init
                0x00000000        0x6 HAL/LM35/LM35.o
 .text.LM35_Get_Temperature
                0x00000000       0x78 HAL/LM35/LM35.o
 .data.lm_channel
                0x00000000        0x1 HAL/LM35/LM35.o
 .debug_info    0x00000000      0x205 HAL/LM35/LM35.o
 .debug_abbrev  0x00000000       0xde HAL/LM35/LM35.o
 .debug_loc     0x00000000       0x98 HAL/LM35/LM35.o
 .debug_aranges
                0x00000000       0x28 HAL/LM35/LM35.o
 .debug_ranges  0x00000000       0x18 HAL/LM35/LM35.o
 .debug_line    0x00000000       0xdb HAL/LM35/LM35.o
 .debug_str     0x00000000      0x7e1 HAL/LM35/LM35.o
 .comment       0x00000000       0x31 HAL/LM35/LM35.o
 .debug_frame   0x00000000       0x3c HAL/LM35/LM35.o
 .text          0x00000000        0x0 HAL/SevenSegment/SevenSegment.o
 .data          0x00000000        0x0 HAL/SevenSegment/SevenSegment.o
 .bss           0x00000000        0x0 HAL/SevenSegment/SevenSegment.o
 .debug_line    0x00000000        0x0 HAL/SevenSegment/SevenSegment.o
 .debug_str     0x00000000      0x10f HAL/SevenSegment/SevenSegment.o
 .comment       0x00000000       0x31 HAL/SevenSegment/SevenSegment.o
 .text          0x00000000        0x0 main.o
 .data          0x00000000        0x0 main.o
 .bss           0x00000000        0x0 main.o
 .bss.y         0x00000000        0x2 main.o
 .text          0x00000000        0x0 MCAL/ADC/ADC.o
 .data          0x00000000        0x0 MCAL/ADC/ADC.o
 .bss           0x00000000        0x0 MCAL/ADC/ADC.o
 .text.ADC_init
                0x00000000       0xc6 MCAL/ADC/ADC.o
 .text.ADC_enable
                0x00000000        0x8 MCAL/ADC/ADC.o
 .text.ADC_disable
                0x00000000        0x8 MCAL/ADC/ADC.o
 .text.ADC_enable_noise_reduction
                0x00000000       0x14 MCAL/ADC/ADC.o
 .text.ADC_disable_noise_reduction
                0x00000000       0x14 MCAL/ADC/ADC.o
 .text.ADC_set_channel
                0x00000000       0x40 MCAL/ADC/ADC.o
 .text.ADC_set_prescaler
                0x00000000       0x28 MCAL/ADC/ADC.o
 .text.ADC_set_voltage_reference
                0x00000000       0x4e MCAL/ADC/ADC.o
 .text.ADC_set_auto_triggering
                0x00000000       0x70 MCAL/ADC/ADC.o
 .text.ADC_get_current_vref
                0x00000000        0x6 MCAL/ADC/ADC.o
 .text.ADC_set_interrupt_callback
                0x00000000        0xe MCAL/ADC/ADC.o
 .text.ADC_start_conversion
                0x00000000        0x8 MCAL/ADC/ADC.o
 .text.ADC_register_val
                0x00000000       0x10 MCAL/ADC/ADC.o
 .text.ADC_conversion_flag
                0x00000000       0x18 MCAL/ADC/ADC.o
 .text.ADC_set_interrupt
                0x00000000        0x8 MCAL/ADC/ADC.o
 .text.ADC_clear_interrupt
                0x00000000        0x8 MCAL/ADC/ADC.o
 .text.ADC_read
                0x00000000       0x1c MCAL/ADC/ADC.o
 .bss.Vref      0x00000000        0x1 MCAL/ADC/ADC.o
 .text          0x00000000        0x0 MCAL/GPIO/GPIO.o
 .data          0x00000000        0x0 MCAL/GPIO/GPIO.o
 .bss           0x00000000        0x0 MCAL/GPIO/GPIO.o
 .text.GPIO_init_port
                0x00000000       0x1a MCAL/GPIO/GPIO.o
 .text.GPIO_init_port_set_mask
                0x00000000       0x1e MCAL/GPIO/GPIO.o
 .text.GPIO_init_port_clear_mask
                0x00000000       0x20 MCAL/GPIO/GPIO.o
 .text.GPIO_write_port
                0x00000000       0x1a MCAL/GPIO/GPIO.o
 .text.GPIO_port_set_mask
                0x00000000       0x1e MCAL/GPIO/GPIO.o
 .text.GPIO_port_clear_mask
                0x00000000       0x20 MCAL/GPIO/GPIO.o
 .text.GPIO_read_port
                0x00000000       0x1e MCAL/GPIO/GPIO.o
 .text.GPIO_enable_pull_up_res
                0x00000000       0x60 MCAL/GPIO/GPIO.o
 .text.GPIO_disable_pull_up_res
                0x00000000       0x62 MCAL/GPIO/GPIO.o
 .text.GPIO_disable_all_pull_up_res
                0x00000000        0x8 MCAL/GPIO/GPIO.o
 .text.GPIO_enable_all_pull_up_res
                0x00000000        0x8 MCAL/GPIO/GPIO.o
 .text          0x00000000        0x0 MCAL/INT/EXT_INT.o
 .data          0x00000000        0x0 MCAL/INT/EXT_INT.o
 .bss           0x00000000        0x0 MCAL/INT/EXT_INT.o
 .text.EXT_int0_init
                0x00000000       0x84 MCAL/INT/EXT_INT.o
 .text.EXT_int1_init
                0x00000000       0x8a MCAL/INT/EXT_INT.o
 .text.EXT_int2_init
                0x00000000       0x58 MCAL/INT/EXT_INT.o
 .text.EXT_set_interrupt
                0x00000000       0x36 MCAL/INT/EXT_INT.o
 .text.EXT_clear_interrupt
                0x00000000       0x36 MCAL/INT/EXT_INT.o
 .text.EXT_interrupt_init
                0x00000000       0x2c MCAL/INT/EXT_INT.o
 .text          0x00000000        0x0 MCAL/TIMER/TIMER.o
 .data          0x00000000        0x0 MCAL/TIMER/TIMER.o
 .bss           0x00000000        0x0 MCAL/TIMER/TIMER.o
 .text.TIMER0_init
                0x00000000       0xb2 MCAL/TIMER/TIMER.o
 .text.TIMER0_reload
                0x00000000        0x4 MCAL/TIMER/TIMER.o
 .text.TIMER0_compare_reload
                0x00000000        0x4 MCAL/TIMER/TIMER.o
 .text.TIMER0_stop
                0x00000000        0x8 MCAL/TIMER/TIMER.o
 .text.TIMER0_get_current_count
                0x00000000        0x4 MCAL/TIMER/TIMER.o
 .text.TIMER0_overflow_interrupt_enable
                0x00000000        0x8 MCAL/TIMER/TIMER.o
 .text.TIMER0_overflow_interrupt_disable
                0x00000000        0x8 MCAL/TIMER/TIMER.o
 .text.TIMER0_output_compare_interrupt_enable
                0x00000000        0x8 MCAL/TIMER/TIMER.o
 .text.TIMER0_output_compare_interrupt_disable
                0x00000000        0x8 MCAL/TIMER/TIMER.o
 .text.TIMER0_set_overflow_callback
                0x00000000        0x2 MCAL/TIMER/TIMER.o
 .text.TIMER0_set_compare_callback
                0x00000000        0xe MCAL/TIMER/TIMER.o
 .text.TIMER1_init
                0x00000000       0x78 MCAL/TIMER/TIMER.o
 .text.TIMER1A_set_compare_output_mode
                0x00000000       0x48 MCAL/TIMER/TIMER.o
 .text.TIMER1B_set_compare_output_mode
                0x00000000       0x48 MCAL/TIMER/TIMER.o
 .text.TIMER1_reload
                0x00000000        0x4 MCAL/TIMER/TIMER.o
 .text.TIMER1_compare_A_reload
                0x00000000        0x6 MCAL/TIMER/TIMER.o
 .text.TIMER1_compare_B_reload
                0x00000000        0x6 MCAL/TIMER/TIMER.o
 .text.TIMER1_icu_reload
                0x00000000        0x4 MCAL/TIMER/TIMER.o
 .text.TIMER1_stop
                0x00000000        0x8 MCAL/TIMER/TIMER.o
 .text.TIMER1_get_current_count
                0x00000000       0x10 MCAL/TIMER/TIMER.o
 .text.TIMER1_overflow_interrupt_enable
                0x00000000        0x8 MCAL/TIMER/TIMER.o
 .text.TIMER1_overflow_interrupt_disable
                0x00000000        0x8 MCAL/TIMER/TIMER.o
 .text.TIMER1_output_compare_interrupt_enable
                0x00000000        0xe MCAL/TIMER/TIMER.o
 .text.TIMER1_output_compare_interrupt_disable
                0x00000000        0xe MCAL/TIMER/TIMER.o
 .text.TIMER1_input_capture_interrupt_enable
                0x00000000        0x8 MCAL/TIMER/TIMER.o
 .text.TIMER1_input_capture_interrupt_disable
                0x00000000        0x8 MCAL/TIMER/TIMER.o
 .text.TIMER1_set_icu_triggering
                0x00000000       0x18 MCAL/TIMER/TIMER.o
 .text.TIMER1_set_overflow_callback
                0x00000000        0xe MCAL/TIMER/TIMER.o
 .text.TIMER1_set_compare_a_callback
                0x00000000        0xe MCAL/TIMER/TIMER.o
 .text.TIMER1_set_compare_b_callback
                0x00000000        0xe MCAL/TIMER/TIMER.o
 .text.TIMER1_set_input_compare_callback
                0x00000000        0xe MCAL/TIMER/TIMER.o
 .text.TIMER1_periodic_ms
                0x00000000       0x44 MCAL/TIMER/TIMER.o
 .bss.scaler1   0x00000000        0x2 MCAL/TIMER/TIMER.o
 .bss.scaler0   0x00000000        0x2 MCAL/TIMER/TIMER.o
 .bss.flag      0x00000000        0x2 MCAL/TIMER/TIMER.o
 .bss.t3        0x00000000        0x2 MCAL/TIMER/TIMER.o
 .bss.t2        0x00000000        0x2 MCAL/TIMER/TIMER.o
 .bss.t1        0x00000000        0x2 MCAL/TIMER/TIMER.o
 .text          0x00000000        0x0 MCAL/TIMER/TIMER0.o
 .data          0x00000000        0x0 MCAL/TIMER/TIMER0.o
 .bss           0x00000000        0x0 MCAL/TIMER/TIMER0.o
 .text.TIMER_Init
                0x00000000       0x6a MCAL/TIMER/TIMER0.o
 .text.TIMER0_OV_interrupt_enable
                0x00000000        0x8 MCAL/TIMER/TIMER0.o
 .text.TIMER0_OV_interrupt_disable
                0x00000000        0x8 MCAL/TIMER/TIMER0.o
 .debug_info    0x00000000      0x156 MCAL/TIMER/TIMER0.o
 .debug_abbrev  0x00000000       0xa8 MCAL/TIMER/TIMER0.o
 .debug_loc     0x00000000       0x8d MCAL/TIMER/TIMER0.o
 .debug_aranges
                0x00000000       0x30 MCAL/TIMER/TIMER0.o
 .debug_ranges  0x00000000       0x20 MCAL/TIMER/TIMER0.o
 .debug_line    0x00000000      0x100 MCAL/TIMER/TIMER0.o
 .debug_str     0x00000000      0x27d MCAL/TIMER/TIMER0.o
 .comment       0x00000000       0x31 MCAL/TIMER/TIMER0.o
 .debug_frame   0x00000000       0x44 MCAL/TIMER/TIMER0.o
 .text          0x00000000        0x0 MCAL/UART/UART.o
 .data          0x00000000        0x0 MCAL/UART/UART.o
 .bss           0x00000000        0x0 MCAL/UART/UART.o
 .text.UART_send_byte
                0x00000000        0x8 MCAL/UART/UART.o
 .text.UART_send_byte_NOBLOCK
                0x00000000        0x6 MCAL/UART/UART.o
 .text.UART_receive_byte_NOBLOCK
                0x00000000       0x12 MCAL/UART/UART.o
 .text.UART_rx_interrupt_disable
                0x00000000        0x8 MCAL/UART/UART.o
 .text.UART_tx_interrupt_disable
                0x00000000        0x8 MCAL/UART/UART.o
 .text.UART_tx_set_callback
                0x00000000        0x2 MCAL/UART/UART.o
 .text.UART_rx_set_callback
                0x00000000        0x2 MCAL/UART/UART.o
 .text          0x00000000        0x0 c:/program files (x86)/atmel/studio/7.0/toolchain/avr8/avr8-gnu-toolchain/bin/../lib/gcc/avr/5.4.0/../../../../avr/lib/avr5\libm.a(divsf3.o)
 .data          0x00000000        0x0 c:/program files (x86)/atmel/studio/7.0/toolchain/avr8/avr8-gnu-toolchain/bin/../lib/gcc/avr/5.4.0/../../../../avr/lib/avr5\libm.a(divsf3.o)
 .bss           0x00000000        0x0 c:/program files (x86)/atmel/studio/7.0/toolchain/avr8/avr8-gnu-toolchain/bin/../lib/gcc/avr/5.4.0/../../../../avr/lib/avr5\libm.a(divsf3.o)
 .text.avr-libc.fplib
                0x00000000        0x8 c:/program files (x86)/atmel/studio/7.0/toolchain/avr8/avr8-gnu-toolchain/bin/../lib/gcc/avr/5.4.0/../../../../avr/lib/avr5\libm.a(divsf3.o)
 .text          0x00000000        0x0 c:/program files (x86)/atmel/studio/7.0/toolchain/avr8/avr8-gnu-toolchain/bin/../lib/gcc/avr/5.4.0/../../../../avr/lib/avr5\libm.a(divsf3x.o)
 .data          0x00000000        0x0 c:/program files (x86)/atmel/studio/7.0/toolchain/avr8/avr8-gnu-toolchain/bin/../lib/gcc/avr/5.4.0/../../../../avr/lib/avr5\libm.a(divsf3x.o)
 .bss           0x00000000        0x0 c:/program files (x86)/atmel/studio/7.0/toolchain/avr8/avr8-gnu-toolchain/bin/../lib/gcc/avr/5.4.0/../../../../avr/lib/avr5\libm.a(divsf3x.o)
 .text.avr-libc.fplib
                0x00000000       0xdc c:/program files (x86)/atmel/studio/7.0/toolchain/avr8/avr8-gnu-toolchain/bin/../lib/gcc/avr/5.4.0/../../../../avr/lib/avr5\libm.a(divsf3x.o)
 .text          0x00000000        0x0 c:/program files (x86)/atmel/studio/7.0/toolchain/avr8/avr8-gnu-toolchain/bin/../lib/gcc/avr/5.4.0/../../../../avr/lib/avr5\libm.a(fixunssfsi.o)
 .data          0x00000000        0x0 c:/program files (x86)/atmel/studio/7.0/toolchain/avr8/avr8-gnu-toolchain/bin/../lib/gcc/avr/5.4.0/../../../../avr/lib/avr5\libm.a(fixunssfsi.o)
 .bss           0x00000000        0x0 c:/program files (x86)/atmel/studio/7.0/toolchain/avr8/avr8-gnu-toolchain/bin/../lib/gcc/avr/5.4.0/../../../../avr/lib/avr5\libm.a(fixunssfsi.o)
 .text.avr-libc.fplib
                0x00000000       0x5e c:/program files (x86)/atmel/studio/7.0/toolchain/avr8/avr8-gnu-toolchain/bin/../lib/gcc/avr/5.4.0/../../../../avr/lib/avr5\libm.a(fixunssfsi.o)
 .text          0x00000000        0x0 c:/program files (x86)/atmel/studio/7.0/toolchain/avr8/avr8-gnu-toolchain/bin/../lib/gcc/avr/5.4.0/../../../../avr/lib/avr5\libm.a(floatsisf.o)
 .data          0x00000000        0x0 c:/program files (x86)/atmel/studio/7.0/toolchain/avr8/avr8-gnu-toolchain/bin/../lib/gcc/avr/5.4.0/../../../../avr/lib/avr5\libm.a(floatsisf.o)
 .bss           0x00000000        0x0 c:/program files (x86)/atmel/studio/7.0/toolchain/avr8/avr8-gnu-toolchain/bin/../lib/gcc/avr/5.4.0/../../../../avr/lib/avr5\libm.a(floatsisf.o)
 .text.avr-libc.fplib
                0x00000000       0x7a c:/program files (x86)/atmel/studio/7.0/toolchain/avr8/avr8-gnu-toolchain/bin/../lib/gcc/avr/5.4.0/../../../../avr/lib/avr5\libm.a(floatsisf.o)
 .text          0x00000000        0x0 c:/program files (x86)/atmel/studio/7.0/toolchain/avr8/avr8-gnu-toolchain/bin/../lib/gcc/avr/5.4.0/../../../../avr/lib/avr5\libm.a(fp_inf.o)
 .data          0x00000000        0x0 c:/program files (x86)/atmel/studio/7.0/toolchain/avr8/avr8-gnu-toolchain/bin/../lib/gcc/avr/5.4.0/../../../../avr/lib/avr5\libm.a(fp_inf.o)
 .bss           0x00000000        0x0 c:/program files (x86)/atmel/studio/7.0/toolchain/avr8/avr8-gnu-toolchain/bin/../lib/gcc/avr/5.4.0/../../../../avr/lib/avr5\libm.a(fp_inf.o)
 .text.avr-libc.fplib
                0x00000000        0xc c:/program files (x86)/atmel/studio/7.0/toolchain/avr8/avr8-gnu-toolchain/bin/../lib/gcc/avr/5.4.0/../../../../avr/lib/avr5\libm.a(fp_inf.o)
 .text          0x00000000        0x0 c:/program files (x86)/atmel/studio/7.0/toolchain/avr8/avr8-gnu-toolchain/bin/../lib/gcc/avr/5.4.0/../../../../avr/lib/avr5\libm.a(fp_nan.o)
 .data          0x00000000        0x0 c:/program files (x86)/atmel/studio/7.0/toolchain/avr8/avr8-gnu-toolchain/bin/../lib/gcc/avr/5.4.0/../../../../avr/lib/avr5\libm.a(fp_nan.o)
 .bss           0x00000000        0x0 c:/program files (x86)/atmel/studio/7.0/toolchain/avr8/avr8-gnu-toolchain/bin/../lib/gcc/avr/5.4.0/../../../../avr/lib/avr5\libm.a(fp_nan.o)
 .text.avr-libc.fplib
                0x00000000        0x6 c:/program files (x86)/atmel/studio/7.0/toolchain/avr8/avr8-gnu-toolchain/bin/../lib/gcc/avr/5.4.0/../../../../avr/lib/avr5\libm.a(fp_nan.o)
 .text          0x00000000        0x0 c:/program files (x86)/atmel/studio/7.0/toolchain/avr8/avr8-gnu-toolchain/bin/../lib/gcc/avr/5.4.0/../../../../avr/lib/avr5\libm.a(fp_pscA.o)
 .data          0x00000000        0x0 c:/program files (x86)/atmel/studio/7.0/toolchain/avr8/avr8-gnu-toolchain/bin/../lib/gcc/avr/5.4.0/../../../../avr/lib/avr5\libm.a(fp_pscA.o)
 .bss           0x00000000        0x0 c:/program files (x86)/atmel/studio/7.0/toolchain/avr8/avr8-gnu-toolchain/bin/../lib/gcc/avr/5.4.0/../../../../avr/lib/avr5\libm.a(fp_pscA.o)
 .text.avr-libc.fplib
                0x00000000        0xe c:/program files (x86)/atmel/studio/7.0/toolchain/avr8/avr8-gnu-toolchain/bin/../lib/gcc/avr/5.4.0/../../../../avr/lib/avr5\libm.a(fp_pscA.o)
 .text          0x00000000        0x0 c:/program files (x86)/atmel/studio/7.0/toolchain/avr8/avr8-gnu-toolchain/bin/../lib/gcc/avr/5.4.0/../../../../avr/lib/avr5\libm.a(fp_pscB.o)
 .data          0x00000000        0x0 c:/program files (x86)/atmel/studio/7.0/toolchain/avr8/avr8-gnu-toolchain/bin/../lib/gcc/avr/5.4.0/../../../../avr/lib/avr5\libm.a(fp_pscB.o)
 .bss           0x00000000        0x0 c:/program files (x86)/atmel/studio/7.0/toolchain/avr8/avr8-gnu-toolchain/bin/../lib/gcc/avr/5.4.0/../../../../avr/lib/avr5\libm.a(fp_pscB.o)
 .text.avr-libc.fplib
                0x00000000        0xe c:/program files (x86)/atmel/studio/7.0/toolchain/avr8/avr8-gnu-toolchain/bin/../lib/gcc/avr/5.4.0/../../../../avr/lib/avr5\libm.a(fp_pscB.o)
 .text          0x00000000        0x0 c:/program files (x86)/atmel/studio/7.0/toolchain/avr8/avr8-gnu-toolchain/bin/../lib/gcc/avr/5.4.0/../../../../avr/lib/avr5\libm.a(fp_round.o)
 .data          0x00000000        0x0 c:/program files (x86)/atmel/studio/7.0/toolchain/avr8/avr8-gnu-toolchain/bin/../lib/gcc/avr/5.4.0/../../../../avr/lib/avr5\libm.a(fp_round.o)
 .bss           0x00000000        0x0 c:/program files (x86)/atmel/studio/7.0/toolchain/avr8/avr8-gnu-toolchain/bin/../lib/gcc/avr/5.4.0/../../../../avr/lib/avr5\libm.a(fp_round.o)
 .text.avr-libc.fplib
                0x00000000       0x22 c:/program files (x86)/atmel/studio/7.0/toolchain/avr8/avr8-gnu-toolchain/bin/../lib/gcc/avr/5.4.0/../../../../avr/lib/avr5\libm.a(fp_round.o)
 .text          0x00000000        0x0 c:/program files (x86)/atmel/studio/7.0/toolchain/avr8/avr8-gnu-toolchain/bin/../lib/gcc/avr/5.4.0/../../../../avr/lib/avr5\libm.a(fp_split3.o)
 .data          0x00000000        0x0 c:/program files (x86)/atmel/studio/7.0/toolchain/avr8/avr8-gnu-toolchain/bin/../lib/gcc/avr/5.4.0/../../../../avr/lib/avr5\libm.a(fp_split3.o)
 .bss           0x00000000        0x0 c:/program files (x86)/atmel/studio/7.0/toolchain/avr8/avr8-gnu-toolchain/bin/../lib/gcc/avr/5.4.0/../../../../avr/lib/avr5\libm.a(fp_split3.o)
 .text.avr-libc.fplib
                0x00000000       0x44 c:/program files (x86)/atmel/studio/7.0/toolchain/avr8/avr8-gnu-toolchain/bin/../lib/gcc/avr/5.4.0/../../../../avr/lib/avr5\libm.a(fp_split3.o)
 .text          0x00000000        0x0 c:/program files (x86)/atmel/studio/7.0/toolchain/avr8/avr8-gnu-toolchain/bin/../lib/gcc/avr/5.4.0/../../../../avr/lib/avr5\libm.a(fp_zero.o)
 .data          0x00000000        0x0 c:/program files (x86)/atmel/studio/7.0/toolchain/avr8/avr8-gnu-toolchain/bin/../lib/gcc/avr/5.4.0/../../../../avr/lib/avr5\libm.a(fp_zero.o)
 .bss           0x00000000        0x0 c:/program files (x86)/atmel/studio/7.0/toolchain/avr8/avr8-gnu-toolchain/bin/../lib/gcc/avr/5.4.0/../../../../avr/lib/avr5\libm.a(fp_zero.o)
 .text.avr-libc.fplib
                0x00000000        0xe c:/program files (x86)/atmel/studio/7.0/toolchain/avr8/avr8-gnu-toolchain/bin/../lib/gcc/avr/5.4.0/../../../../avr/lib/avr5\libm.a(fp_zero.o)
 .text          0x00000000        0x0 c:/program files (x86)/atmel/studio/7.0/toolchain/avr8/avr8-gnu-toolchain/bin/../lib/gcc/avr/5.4.0/../../../../avr/lib/avr5\libm.a(mulsf3.o)
 .data          0x00000000        0x0 c:/program files (x86)/atmel/studio/7.0/toolchain/avr8/avr8-gnu-toolchain/bin/../lib/gcc/avr/5.4.0/../../../../avr/lib/avr5\libm.a(mulsf3.o)
 .bss           0x00000000        0x0 c:/program files (x86)/atmel/studio/7.0/toolchain/avr8/avr8-gnu-toolchain/bin/../lib/gcc/avr/5.4.0/../../../../avr/lib/avr5\libm.a(mulsf3.o)
 .text.avr-libc.fplib
                0x00000000        0x8 c:/program files (x86)/atmel/studio/7.0/toolchain/avr8/avr8-gnu-toolchain/bin/../lib/gcc/avr/5.4.0/../../../../avr/lib/avr5\libm.a(mulsf3.o)
 .text          0x00000000        0x0 c:/program files (x86)/atmel/studio/7.0/toolchain/avr8/avr8-gnu-toolchain/bin/../lib/gcc/avr/5.4.0/../../../../avr/lib/avr5\libm.a(mulsf3x.o)
 .data          0x00000000        0x0 c:/program files (x86)/atmel/studio/7.0/toolchain/avr8/avr8-gnu-toolchain/bin/../lib/gcc/avr/5.4.0/../../../../avr/lib/avr5\libm.a(mulsf3x.o)
 .bss           0x00000000        0x0 c:/program files (x86)/atmel/studio/7.0/toolchain/avr8/avr8-gnu-toolchain/bin/../lib/gcc/avr/5.4.0/../../../../avr/lib/avr5\libm.a(mulsf3x.o)
 .text.avr-libc.fplib
                0x00000000       0xd2 c:/program files (x86)/atmel/studio/7.0/toolchain/avr8/avr8-gnu-toolchain/bin/../lib/gcc/avr/5.4.0/../../../../avr/lib/avr5\libm.a(mulsf3x.o)
 .text          0x00000000        0x0 c:/program files (x86)/atmel/studio/7.0/toolchain/avr8/avr8-gnu-toolchain/bin/../lib/gcc/avr/5.4.0/avr5\libgcc.a(_exit.o)
 .data          0x00000000        0x0 c:/program files (x86)/atmel/studio/7.0/toolchain/avr8/avr8-gnu-toolchain/bin/../lib/gcc/avr/5.4.0/avr5\libgcc.a(_exit.o)
 .bss           0x00000000        0x0 c:/program files (x86)/atmel/studio/7.0/toolchain/avr8/avr8-gnu-toolchain/bin/../lib/gcc/avr/5.4.0/avr5\libgcc.a(_exit.o)
 .text.libgcc.mul
                0x00000000        0x0 c:/program files (x86)/atmel/studio/7.0/toolchain/avr8/avr8-gnu-toolchain/bin/../lib/gcc/avr/5.4.0/avr5\libgcc.a(_exit.o)
 .text.libgcc.div
                0x00000000        0x0 c:/program files (x86)/atmel/studio/7.0/toolchain/avr8/avr8-gnu-toolchain/bin/../lib/gcc/avr/5.4.0/avr5\libgcc.a(_exit.o)
 .text.libgcc   0x00000000        0x0 c:/program files (x86)/atmel/studio/7.0/toolchain/avr8/avr8-gnu-toolchain/bin/../lib/gcc/avr/5.4.0/avr5\libgcc.a(_exit.o)
 .text.libgcc.prologue
                0x00000000        0x0 c:/program files (x86)/atmel/studio/7.0/toolchain/avr8/avr8-gnu-toolchain/bin/../lib/gcc/avr/5.4.0/avr5\libgcc.a(_exit.o)
 .text.libgcc.builtins
                0x00000000        0x0 c:/program files (x86)/atmel/studio/7.0/toolchain/avr8/avr8-gnu-toolchain/bin/../lib/gcc/avr/5.4.0/avr5\libgcc.a(_exit.o)
 .text.libgcc.fmul
                0x00000000        0x0 c:/program files (x86)/atmel/studio/7.0/toolchain/avr8/avr8-gnu-toolchain/bin/../lib/gcc/avr/5.4.0/avr5\libgcc.a(_exit.o)
 .text.libgcc.fixed
                0x00000000        0x0 c:/program files (x86)/atmel/studio/7.0/toolchain/avr8/avr8-gnu-toolchain/bin/../lib/gcc/avr/5.4.0/avr5\libgcc.a(_exit.o)
 .text          0x00000000        0x0 c:/program files (x86)/atmel/studio/7.0/toolchain/avr8/avr8-gnu-toolchain/bin/../lib/gcc/avr/5.4.0/avr5\libgcc.a(_copy_data.o)
 .data          0x00000000        0x0 c:/program files (x86)/atmel/studio/7.0/toolchain/avr8/avr8-gnu-toolchain/bin/../lib/gcc/avr/5.4.0/avr5\libgcc.a(_copy_data.o)
 .bss           0x00000000        0x0 c:/program files (x86)/atmel/studio/7.0/toolchain/avr8/avr8-gnu-toolchain/bin/../lib/gcc/avr/5.4.0/avr5\libgcc.a(_copy_data.o)
 .text.libgcc.mul
                0x00000000        0x0 c:/program files (x86)/atmel/studio/7.0/toolchain/avr8/avr8-gnu-toolchain/bin/../lib/gcc/avr/5.4.0/avr5\libgcc.a(_copy_data.o)
 .text.libgcc.div
                0x00000000        0x0 c:/program files (x86)/atmel/studio/7.0/toolchain/avr8/avr8-gnu-toolchain/bin/../lib/gcc/avr/5.4.0/avr5\libgcc.a(_copy_data.o)
 .text.libgcc   0x00000000        0x0 c:/program files (x86)/atmel/studio/7.0/toolchain/avr8/avr8-gnu-toolchain/bin/../lib/gcc/avr/5.4.0/avr5\libgcc.a(_copy_data.o)
 .text.libgcc.prologue
                0x00000000        0x0 c:/program files (x86)/atmel/studio/7.0/toolchain/avr8/avr8-gnu-toolchain/bin/../lib/gcc/avr/5.4.0/avr5\libgcc.a(_copy_data.o)
 .text.libgcc.builtins
                0x00000000        0x0 c:/program files (x86)/atmel/studio/7.0/toolchain/avr8/avr8-gnu-toolchain/bin/../lib/gcc/avr/5.4.0/avr5\libgcc.a(_copy_data.o)
 .text.libgcc.fmul
                0x00000000        0x0 c:/program files (x86)/atmel/studio/7.0/toolchain/avr8/avr8-gnu-toolchain/bin/../lib/gcc/avr/5.4.0/avr5\libgcc.a(_copy_data.o)
 .text.libgcc.fixed
                0x00000000        0x0 c:/program files (x86)/atmel/studio/7.0/toolchain/avr8/avr8-gnu-toolchain/bin/../lib/gcc/avr/5.4.0/avr5\libgcc.a(_copy_data.o)
 .text          0x00000000        0x0 c:/program files (x86)/atmel/studio/7.0/toolchain/avr8/avr8-gnu-toolchain/bin/../lib/gcc/avr/5.4.0/avr5\libgcc.a(_clear_bss.o)
 .data          0x00000000        0x0 c:/program files (x86)/atmel/studio/7.0/toolchain/avr8/avr8-gnu-toolchain/bin/../lib/gcc/avr/5.4.0/avr5\libgcc.a(_clear_bss.o)
 .bss           0x00000000        0x0 c:/program files (x86)/atmel/studio/7.0/toolchain/avr8/avr8-gnu-toolchain/bin/../lib/gcc/avr/5.4.0/avr5\libgcc.a(_clear_bss.o)
 .text.libgcc.mul
                0x00000000        0x0 c:/program files (x86)/atmel/studio/7.0/toolchain/avr8/avr8-gnu-toolchain/bin/../lib/gcc/avr/5.4.0/avr5\libgcc.a(_clear_bss.o)
 .text.libgcc.div
                0x00000000        0x0 c:/program files (x86)/atmel/studio/7.0/toolchain/avr8/avr8-gnu-toolchain/bin/../lib/gcc/avr/5.4.0/avr5\libgcc.a(_clear_bss.o)
 .text.libgcc   0x00000000        0x0 c:/program files (x86)/atmel/studio/7.0/toolchain/avr8/avr8-gnu-toolchain/bin/../lib/gcc/avr/5.4.0/avr5\libgcc.a(_clear_bss.o)
 .text.libgcc.prologue
                0x00000000        0x0 c:/program files (x86)/atmel/studio/7.0/toolchain/avr8/avr8-gnu-toolchain/bin/../lib/gcc/avr/5.4.0/avr5\libgcc.a(_clear_bss.o)
 .text.libgcc.builtins
                0x00000000        0x0 c:/program files (x86)/atmel/studio/7.0/toolchain/avr8/avr8-gnu-toolchain/bin/../lib/gcc/avr/5.4.0/avr5\libgcc.a(_clear_bss.o)
 .text.libgcc.fmul
                0x00000000        0x0 c:/program files (x86)/atmel/studio/7.0/toolchain/avr8/avr8-gnu-toolchain/bin/../lib/gcc/avr/5.4.0/avr5\libgcc.a(_clear_bss.o)
 .text.libgcc.fixed
                0x00000000        0x0 c:/program files (x86)/atmel/studio/7.0/toolchain/avr8/avr8-gnu-toolchain/bin/../lib/gcc/avr/5.4.0/avr5\libgcc.a(_clear_bss.o)
 .text          0x00000000        0x0 c:/program files (x86)/atmel/studio/7.0/toolchain/avr8/avr8-gnu-toolchain/bin/../lib/gcc/avr/5.4.0/avr5\libgcc.a(_umulhisi3.o)
 .data          0x00000000        0x0 c:/program files (x86)/atmel/studio/7.0/toolchain/avr8/avr8-gnu-toolchain/bin/../lib/gcc/avr/5.4.0/avr5\libgcc.a(_umulhisi3.o)
 .bss           0x00000000        0x0 c:/program files (x86)/atmel/studio/7.0/toolchain/avr8/avr8-gnu-toolchain/bin/../lib/gcc/avr/5.4.0/avr5\libgcc.a(_umulhisi3.o)
 .text.libgcc.div
                0x00000000        0x0 c:/program files (x86)/atmel/studio/7.0/toolchain/avr8/avr8-gnu-toolchain/bin/../lib/gcc/avr/5.4.0/avr5\libgcc.a(_umulhisi3.o)
 .text.libgcc   0x00000000        0x0 c:/program files (x86)/atmel/studio/7.0/toolchain/avr8/avr8-gnu-toolchain/bin/../lib/gcc/avr/5.4.0/avr5\libgcc.a(_umulhisi3.o)
 .text.libgcc.prologue
                0x00000000        0x0 c:/program files (x86)/atmel/studio/7.0/toolchain/avr8/avr8-gnu-toolchain/bin/../lib/gcc/avr/5.4.0/avr5\libgcc.a(_umulhisi3.o)
 .text.libgcc.builtins
                0x00000000        0x0 c:/program files (x86)/atmel/studio/7.0/toolchain/avr8/avr8-gnu-toolchain/bin/../lib/gcc/avr/5.4.0/avr5\libgcc.a(_umulhisi3.o)
 .text.libgcc.fmul
                0x00000000        0x0 c:/program files (x86)/atmel/studio/7.0/toolchain/avr8/avr8-gnu-toolchain/bin/../lib/gcc/avr/5.4.0/avr5\libgcc.a(_umulhisi3.o)
 .text.libgcc.fixed
                0x00000000        0x0 c:/program files (x86)/atmel/studio/7.0/toolchain/avr8/avr8-gnu-toolchain/bin/../lib/gcc/avr/5.4.0/avr5\libgcc.a(_umulhisi3.o)

Memory Configuration

Name             Origin             Length             Attributes
text             0x00000000         0x00008000         xr
data             0x00800060         0x00000800         rw !x
eeprom           0x00810000         0x00000400         rw !x
fuse             0x00820000         0x00000002         rw !x
lock             0x00830000         0x00000400         rw !x
signature        0x00840000         0x00000400         rw !x
user_signatures  0x00850000         0x00000400         rw !x
*default*        0x00000000         0xffffffff

Linker script and memory map

LOAD C:/Program Files (x86)/Atmel/Studio/7.0/Packs/atmel/ATmega_DFP/1.6.364/gcc/dev/atmega32/avr5/crtatmega32.o
LOAD HAL/Button/button.o
LOAD HAL/Keypad/Keypad.o
LOAD HAL/LCD/LCD.o
LOAD HAL/LM35/LM35.o
LOAD HAL/SevenSegment/SevenSegment.o
LOAD main.o
LOAD MCAL/ADC/ADC.o
LOAD MCAL/GPIO/GPIO.o
LOAD MCAL/INT/EXT_INT.o
LOAD MCAL/TIMER/TIMER.o
LOAD MCAL/TIMER/TIMER0.o
LOAD MCAL/UART/UART.o
START GROUP
LOAD c:/program files (x86)/atmel/studio/7.0/toolchain/avr8/avr8-gnu-toolchain/bin/../lib/gcc/avr/5.4.0/../../../../avr/lib/avr5\libm.a
END GROUP
START GROUP
LOAD c:/program files (x86)/atmel/studio/7.0/toolchain/avr8/avr8-gnu-toolchain/bin/../lib/gcc/avr/5.4.0/avr5\libgcc.a
LOAD c:/program files (x86)/atmel/studio/7.0/toolchain/avr8/avr8-gnu-toolchain/bin/../lib/gcc/avr/5.4.0/../../../../avr/lib/avr5\libm.a
LOAD c:/program files (x86)/atmel/studio/7.0/toolchain/avr8/avr8-gnu-toolchain/bin/../lib/gcc/avr/5.4.0/../../../../avr/lib/avr5\libc.a
LOAD C:/Program Files (x86)/Atmel/Studio/7.0/Packs/atmel/ATmega_DFP/1.6.364/gcc/dev/atmega32/avr5\libatmega32.a
END GROUP
                0x00000000                __TEXT_REGION_ORIGIN__ = DEFINED (__TEXT_REGION_ORIGIN__)?__TEXT_REGION_ORIGIN__:0x0
                [0x00800060]                __DATA_REGION_ORIGIN__ = DEFINED (__DATA_REGION_ORIGIN__)?__DATA_REGION_ORIGIN__:0x800060
                [0x00008000]                __TEXT_REGION_LENGTH__ = DEFINED (__TEXT_REGION_LENGTH__)?__TEXT_REGION_LENGTH__:0x20000
                [0x00000800]                __DATA_REGION_LENGTH__ = DEFINED (__DATA_REGION_LENGTH__)?__DATA_REGION_LENGTH__:0xffa0
                [0x00000400]                __EEPROM_REGION_LENGTH__ = DEFINED (__EEPROM_REGION_LENGTH__)?__EEPROM_REGION_LENGTH__:0x10000
                [0x00000002]                __FUSE_REGION_LENGTH__ = DEFINED (__FUSE_REGION_LENGTH__)?__FUSE_REGION_LENGTH__:0x400
                0x00000400                __LOCK_REGION_LENGTH__ = DEFINED (__LOCK_REGION_LENGTH__)?__LOCK_REGION_LENGTH__:0x400
                0x00000400                __SIGNATURE_REGION_LENGTH__ = DEFINED (__SIGNATURE_REGION_LENGTH__)?__SIGNATURE_REGION_LENGTH__:0x400
                0x00000400                __USER_SIGNATURE_REGION_LENGTH__ = DEFINED (__USER_SIGNATURE_REGION_LENGTH__)?__USER_SIGNATURE_REGION_LENGTH__:0x400

.hash
 *(.hash)

.dynsym
 *(.dynsym)

.dynstr
 *(.dynstr)

.gnu.version
 *(.gnu.version)

.gnu.version_d
 *(.gnu.version_d)

.gnu.version_r
 *(.gnu.version_r)

.rel.init
 *(.rel.init)

.rela.init
 *(.rela.init)

.rel.text
 *(.rel.text)
 *(.rel.text.*)
 *(.rel.gnu.linkonce.t*)

.rela.text
 *(.rela.text)
 *(.rela.text.*)
 *(.rela.gnu.linkonce.t*)

.rel.fini
 *(.rel.fini)

.rela.fini
 *(.rela.fini)

.rel.rodata
 *(.rel.rodata)
 *(.rel.rodata.*)
 *(.rel.gnu.linkonce.r*)

.rela.rodata
 *(.rela.rodata)
 *(.rela.rodata.*)
 *(.rela.gnu.linkonce.r*)

.rel.data
 *(.rel.data)
 *(.rel.data.*)
 *(.rel.gnu.linkonce.d*)

.rela.data
 *(.rela.data)
 *(.rela.data.*)
 *(.rela.gnu.linkonce.d*)

.rel.ctors
 *(.rel.ctors)

.rela.ctors
 *(.rela.ctors)

.rel.dtors
 *(.rel.dtors)

.rela.dtors
 *(.rela.dtors)

.rel.got
 *(.rel.got)

.rela.got
 *(.rela.got)

.rel.bss
 *(.rel.bss)

.rela.bss
 *(.rela.bss)

.rel.plt
 *(.rel.plt)

.rela.plt
 *(.rela.plt)

.text           0x00000000      0xacc
 *(.vectors)
 .vectors       0x00000000       0x54 C:/Program Files (x86)/Atmel/Studio/7.0/Packs/atmel/ATmega_DFP/1.6.364/gcc/dev/atmega32/avr5/crtatmega32.o
                0x00000000                __vector_default
                0x00000000                __vectors
 *(.vectors)
 *(.progmem.gcc*)
                0x00000054                . = ALIGN (0x2)
                0x00000054                __trampolines_start = .
 *(.trampolines)
 .trampolines   0x00000054        0x0 linker stubs
 *(.trampolines*)
                0x00000054                __trampolines_end = .
 *libprintf_flt.a:*(.progmem.data)
 *libc.a:*(.progmem.data)
 *(.progmem*)
                0x00000054                . = ALIGN (0x2)
 *(.jumptables)
 *(.jumptables*)
 *(.lowtext)
 *(.lowtext*)
                0x00000054                __ctors_start = .
 *(.ctors)
                0x00000054                __ctors_end = .
                0x00000054                __dtors_start = .
 *(.dtors)
                0x00000054                __dtors_end = .
 SORT(*)(.ctors)
 SORT(*)(.dtors)
 *(.init0)
 .init0         0x00000054        0x0 C:/Program Files (x86)/Atmel/Studio/7.0/Packs/atmel/ATmega_DFP/1.6.364/gcc/dev/atmega32/avr5/crtatmega32.o
                0x00000054                __init
 *(.init0)
 *(.init1)
 *(.init1)
 *(.init2)
 .init2         0x00000054        0xc C:/Program Files (x86)/Atmel/Studio/7.0/Packs/atmel/ATmega_DFP/1.6.364/gcc/dev/atmega32/avr5/crtatmega32.o
 *(.init2)
 *(.init3)
 *(.init3)
 *(.init4)
 .init4         0x00000060       0x16 c:/program files (x86)/atmel/studio/7.0/toolchain/avr8/avr8-gnu-toolchain/bin/../lib/gcc/avr/5.4.0/avr5\libgcc.a(_copy_data.o)
                0x00000060                __do_copy_data
 .init4         0x00000076       0x10 c:/program files (x86)/atmel/studio/7.0/toolchain/avr8/avr8-gnu-toolchain/bin/../lib/gcc/avr/5.4.0/avr5\libgcc.a(_clear_bss.o)
                0x00000076                __do_clear_bss
 *(.init4)
 *(.init5)
 *(.init5)
 *(.init6)
 *(.init6)
 *(.init7)
 *(.init7)
 *(.init8)
 *(.init8)
 *(.init9)
 .init9         0x00000086        0x8 C:/Program Files (x86)/Atmel/Studio/7.0/Packs/atmel/ATmega_DFP/1.6.364/gcc/dev/atmega32/avr5/crtatmega32.o
 *(.init9)
 *(.text)
 .text          0x0000008e        0x4 C:/Program Files (x86)/Atmel/Studio/7.0/Packs/atmel/ATmega_DFP/1.6.364/gcc/dev/atmega32/avr5/crtatmega32.o
                0x0000008e                __vector_12
                0x0000008e                __bad_interrupt
                0x0000008e                __vector_11
                0x0000008e                __vector_13
                0x0000008e                __vector_17
                0x0000008e                __vector_19
                0x0000008e                __vector_5
                0x0000008e                __vector_4
                0x0000008e                __vector_15
                0x0000008e                __vector_14
                0x0000008e                __vector_18
                0x0000008e                __vector_20
                0x00000092                . = ALIGN (0x2)
 *(.text.*)
 .text.Button_listen
                0x00000092       0xa6 HAL/Button/button.o
                0x00000092                Button_listen
 .text.Button_config
                0x00000138       0x42 HAL/Button/button.o
                0x00000138                Button_config
 .text.lcd_write_data
                0x0000017a      0x130 HAL/LCD/LCD.o
 .text.lcd_write_command
                0x000002aa      0x130 HAL/LCD/LCD.o
 .text.LCD_Init
                0x000003da       0xb0 HAL/LCD/LCD.o
                0x000003da                LCD_Init
 .text.LCD_write_char
                0x0000048a        0xa HAL/LCD/LCD.o
                0x0000048a                LCD_write_char
 .text.LCD_write_string
                0x00000494       0x26 HAL/LCD/LCD.o
                0x00000494                LCD_write_string
 .text.LCD_go_to
                0x000004ba       0x24 HAL/LCD/LCD.o
                0x000004ba                LCD_go_to
 .text.LCD_write_number
                0x000004de       0xbc HAL/LCD/LCD.o
                0x000004de                LCD_write_number
 .text.button_event
                0x0000059a       0x14 main.o
                0x0000059a                button_event
 .text.main     0x000005ae       0xa6 main.o
                0x000005ae                main
 .text.__vector_16
                0x00000654       0x52 MCAL/ADC/ADC.o
                0x00000654                __vector_16
 .text.GPIO_init_pin
                0x000006a6       0x54 MCAL/GPIO/GPIO.o
                0x000006a6                GPIO_init_pin
 .text.GPIO_write_pin
                0x000006fa       0x4c MCAL/GPIO/GPIO.o
                0x000006fa                GPIO_write_pin
 .text.GPIO_toggle_pin
                0x00000746       0x3a MCAL/GPIO/GPIO.o
                0x00000746                GPIO_toggle_pin
 .text.GPIO_read_pin
                0x00000780       0x4a MCAL/GPIO/GPIO.o
                0x00000780                GPIO_read_pin
 .text.__vector_1
                0x000007ca       0x4e MCAL/INT/EXT_INT.o
                0x000007ca                __vector_1
 .text.__vector_2
                0x00000818       0x4e MCAL/INT/EXT_INT.o
                0x00000818                __vector_2
 .text.__vector_3
                0x00000866       0x4e MCAL/INT/EXT_INT.o
                0x00000866                __vector_3
 .text.__vector_10
                0x000008b4       0x52 MCAL/TIMER/TIMER.o
                0x000008b4                __vector_10
 .text.__vector_9
                0x00000906       0x52 MCAL/TIMER/TIMER.o
                0x00000906                __vector_9
 .text.__vector_7
                0x00000958       0x52 MCAL/TIMER/TIMER.o
                0x00000958                __vector_7
 .text.__vector_8
                0x000009aa       0x52 MCAL/TIMER/TIMER.o
                0x000009aa                __vector_8
 .text.__vector_6
                0x000009fc       0x52 MCAL/TIMER/TIMER.o
                0x000009fc                __vector_6
 .text.UART_init
                0x00000a4e       0x44 MCAL/UART/UART.o
                0x00000a4e                UART_init
 .text.UART_receive_byte
                0x00000a92        0x8 MCAL/UART/UART.o
                0x00000a92                UART_receive_byte
 .text.UART_rx_interrupt_enable
                0x00000a9a        0x8 MCAL/UART/UART.o
                0x00000a9a                UART_rx_interrupt_enable
 .text.UART_tx_interrupt_enable
                0x00000aa2        0x8 MCAL/UART/UART.o
                0x00000aa2                UART_tx_interrupt_enable
 .text.libgcc.mul
                0x00000aaa       0x1e c:/program files (x86)/atmel/studio/7.0/toolchain/avr8/avr8-gnu-toolchain/bin/../lib/gcc/avr/5.4.0/avr5\libgcc.a(_umulhisi3.o)
                0x00000aaa                __umulhisi3
                0x00000ac8                . = ALIGN (0x2)
 *(.fini9)
 .fini9         0x00000ac8        0x0 c:/program files (x86)/atmel/studio/7.0/toolchain/avr8/avr8-gnu-toolchain/bin/../lib/gcc/avr/5.4.0/avr5\libgcc.a(_exit.o)
                0x00000ac8                _exit
                0x00000ac8                exit
 *(.fini9)
 *(.fini8)
 *(.fini8)
 *(.fini7)
 *(.fini7)
 *(.fini6)
 *(.fini6)
 *(.fini5)
 *(.fini5)
 *(.fini4)
 *(.fini4)
 *(.fini3)
 *(.fini3)
 *(.fini2)
 *(.fini2)
 *(.fini1)
 *(.fini1)
 *(.fini0)
 .fini0         0x00000ac8        0x4 c:/program files (x86)/atmel/studio/7.0/toolchain/avr8/avr8-gnu-toolchain/bin/../lib/gcc/avr/5.4.0/avr5\libgcc.a(_exit.o)
 *(.fini0)
                0x00000acc                _etext = .

.data           0x00800060       0x24 load address 0x00000acc
                0x00800060                PROVIDE (__data_start, .)
 *(.data)
 *(.data*)
 .data.output_registers
                0x00800060        0x8 MCAL/GPIO/GPIO.o
                0x00800060                output_registers
 .data.input_registers
                0x00800068        0x8 MCAL/GPIO/GPIO.o
                0x00800068                input_registers
 .data.direction_regisers
                0x00800070        0x8 MCAL/GPIO/GPIO.o
                0x00800070                direction_regisers
 *(.gnu.linkonce.d*)
 *(.rodata)
 *(.rodata*)
 .rodata.str1.1
                0x00800078        0xb main.o
 *(.gnu.linkonce.r*)
                0x00800084                . = ALIGN (0x2)
 *fill*         0x00800083        0x1 
                0x00800084                _edata = .
                0x00800084                PROVIDE (__data_end, .)

.bss            0x00800084       0x14
                0x00800084                PROVIDE (__bss_start, .)
 *(.bss)
 *(.bss*)
 .bss.x         0x00800084        0x2 main.o
                0x00800084                x
 .bss.adc_isr   0x00800086        0x2 MCAL/ADC/ADC.o
 .bss.EXT_int2_isr
                0x00800088        0x2 MCAL/INT/EXT_INT.o
 .bss.EXT_int1_isr
                0x0080008a        0x2 MCAL/INT/EXT_INT.o
 .bss.EXT_int0_isr
                0x0080008c        0x2 MCAL/INT/EXT_INT.o
 .bss.timer1_input_capture_isr
                0x0080008e        0x2 MCAL/TIMER/TIMER.o
 .bss.timer1_compare_b_isr
                0x00800090        0x2 MCAL/TIMER/TIMER.o
 .bss.timer1_compare_a_isr
                0x00800092        0x2 MCAL/TIMER/TIMER.o
 .bss.timer1_overflow_isr
                0x00800094        0x2 MCAL/TIMER/TIMER.o
 .bss.timer0_compare_isr
                0x00800096        0x2 MCAL/TIMER/TIMER.o
 *(COMMON)
                0x00800098                PROVIDE (__bss_end, .)
                0x00000acc                __data_load_start = LOADADDR (.data)
                0x00000af0                __data_load_end = (__data_load_start + SIZEOF (.data))

.noinit         0x00800098        0x0
                [!provide]                PROVIDE (__noinit_start, .)
 *(.noinit*)
                [!provide]                PROVIDE (__noinit_end, .)
                0x00800098                _end = .
                [!provide]                PROVIDE (__heap_start, .)

.eeprom         0x00810000        0x0
 *(.eeprom*)
                0x00810000                __eeprom_end = .

.fuse
 *(.fuse)
 *(.lfuse)
 *(.hfuse)
 *(.efuse)

.lock
 *(.lock*)

.signature
 *(.signature*)

.user_signatures
 *(.user_signatures*)

.stab
 *(.stab)

.stabstr
 *(.stabstr)

.stab.excl
 *(.stab.excl)

.stab.exclstr
 *(.stab.exclstr)

.stab.index
 *(.stab.index)

.stab.indexstr
 *(.stab.indexstr)

.comment        0x00000000       0x30
 *(.comment)
 .comment       0x00000000       0x30 HAL/Button/button.o
                                 0x31 (size before relaxing)
 .comment       0x00000030       0x31 HAL/LCD/LCD.o
 .comment       0x00000030       0x31 main.o
 .comment       0x00000030       0x31 MCAL/ADC/ADC.o
 .comment       0x00000030       0x31 MCAL/GPIO/GPIO.o
 .comment       0x00000030       0x31 MCAL/INT/EXT_INT.o
 .comment       0x00000030       0x31 MCAL/TIMER/TIMER.o
 .comment       0x00000030       0x31 MCAL/UART/UART.o

.note.gnu.avr.deviceinfo
                0x00000000       0x3c
 .note.gnu.avr.deviceinfo
                0x00000000       0x3c C:/Program Files (x86)/Atmel/Studio/7.0/Packs/atmel/ATmega_DFP/1.6.364/gcc/dev/atmega32/avr5/crtatmega32.o

.note.gnu.build-id
 *(.note.gnu.build-id)

.debug
 *(.debug)

.line
 *(.line)

.debug_srcinfo
 *(.debug_srcinfo)

.debug_sfnames
 *(.debug_sfnames)

.debug_aranges  0x00000000      0x3f8
 *(.debug_aranges)
 .debug_aranges
                0x00000000       0x28 HAL/Button/button.o
 .debug_aranges
                0x00000028       0x60 HAL/LCD/LCD.o
 .debug_aranges
                0x00000088       0x28 main.o
 .debug_aranges
                0x000000b0       0xa8 MCAL/ADC/ADC.o
 .debug_aranges
                0x00000158       0x90 MCAL/GPIO/GPIO.o
 .debug_aranges
                0x000001e8       0x60 MCAL/INT/EXT_INT.o
 .debug_aranges
                0x00000248      0x140 MCAL/TIMER/TIMER.o
 .debug_aranges
                0x00000388       0x70 MCAL/UART/UART.o

.debug_pubnames
 *(.debug_pubnames)

.debug_info     0x00000000     0x2f00
 *(.debug_info .gnu.linkonce.wi.*)
 .debug_info    0x00000000      0x4e6 C:/Program Files (x86)/Atmel/Studio/7.0/Packs/atmel/ATmega_DFP/1.6.364/gcc/dev/atmega32/avr5/crtatmega32.o
 .debug_info    0x000004e6      0x33e HAL/Button/button.o
 .debug_info    0x00000824      0xbc5 HAL/LCD/LCD.o
 .debug_info    0x000013e9      0x46a main.o
 .debug_info    0x00001853      0x47f MCAL/ADC/ADC.o
 .debug_info    0x00001cd2      0x498 MCAL/GPIO/GPIO.o
 .debug_info    0x0000216a      0x346 MCAL/INT/EXT_INT.o
 .debug_info    0x000024b0      0x857 MCAL/TIMER/TIMER.o
 .debug_info    0x00002d07      0x1f9 MCAL/UART/UART.o

.debug_abbrev   0x00000000      0xf8b
 *(.debug_abbrev)
 .debug_abbrev  0x00000000      0x4a3 C:/Program Files (x86)/Atmel/Studio/7.0/Packs/atmel/ATmega_DFP/1.6.364/gcc/dev/atmega32/avr5/crtatmega32.o
 .debug_abbrev  0x000004a3      0x17a HAL/Button/button.o
 .debug_abbrev  0x0000061d      0x221 HAL/LCD/LCD.o
 .debug_abbrev  0x0000083e      0x126 main.o
 .debug_abbrev  0x00000964      0x13d MCAL/ADC/ADC.o
 .debug_abbrev  0x00000aa1      0x11b MCAL/GPIO/GPIO.o
 .debug_abbrev  0x00000bbc      0x13c MCAL/INT/EXT_INT.o
 .debug_abbrev  0x00000cf8      0x1bb MCAL/TIMER/TIMER.o
 .debug_abbrev  0x00000eb3       0xd8 MCAL/UART/UART.o

.debug_line     0x00000000     0x1a14
 *(.debug_line .debug_line.* .debug_line_end)
 .debug_line    0x00000000      0x116 C:/Program Files (x86)/Atmel/Studio/7.0/Packs/atmel/ATmega_DFP/1.6.364/gcc/dev/atmega32/avr5/crtatmega32.o
 .debug_line    0x00000116      0x233 HAL/Button/button.o
 .debug_line    0x00000349      0x46e HAL/LCD/LCD.o
 .debug_line    0x000007b7      0x14a main.o
 .debug_line    0x00000901      0x324 MCAL/ADC/ADC.o
 .debug_line    0x00000c25      0x2cb MCAL/GPIO/GPIO.o
 .debug_line    0x00000ef0      0x3b0 MCAL/INT/EXT_INT.o
 .debug_line    0x000012a0      0x5b0 MCAL/TIMER/TIMER.o
 .debug_line    0x00001850      0x1c4 MCAL/UART/UART.o

.debug_frame    0x00000000      0xa34
 *(.debug_frame)
 .debug_frame   0x00000000       0x68 HAL/Button/button.o
 .debug_frame   0x00000068       0xe8 HAL/LCD/LCD.o
 .debug_frame   0x00000150       0x44 main.o
 .debug_frame   0x00000194      0x17c MCAL/ADC/ADC.o
 .debug_frame   0x00000310      0x104 MCAL/GPIO/GPIO.o
 .debug_frame   0x00000414      0x17c MCAL/INT/EXT_INT.o
 .debug_frame   0x00000590      0x3e0 MCAL/TIMER/TIMER.o
 .debug_frame   0x00000970       0xc4 MCAL/UART/UART.o

.debug_str      0x00000000     0x1b16
 *(.debug_str)
 .debug_str     0x00000000      0x196 C:/Program Files (x86)/Atmel/Studio/7.0/Packs/atmel/ATmega_DFP/1.6.364/gcc/dev/atmega32/avr5/crtatmega32.o
 .debug_str     0x00000196      0x300 HAL/Button/button.o
                                0x347 (size before relaxing)
 .debug_str     0x00000496       0xcd HAL/LCD/LCD.o
                                0x2d9 (size before relaxing)
 .debug_str     0x00000563       0x9d main.o
                                0x38f (size before relaxing)
 .debug_str     0x00000600      0x8f2 MCAL/ADC/ADC.o
                                0xa62 (size before relaxing)
 .debug_str     0x00000ef2      0x147 MCAL/GPIO/GPIO.o
                                0x336 (size before relaxing)
 .debug_str     0x00001039      0x194 MCAL/INT/EXT_INT.o
                                0x2fb (size before relaxing)
 .debug_str     0x000011cd      0x859 MCAL/TIMER/TIMER.o
                                0x9ec (size before relaxing)
 .debug_str     0x00001a26       0xf0 MCAL/UART/UART.o
                                0x2a4 (size before relaxing)

.debug_loc      0x00000000     0x1b60
 *(.debug_loc)
 .debug_loc     0x00000000      0x22e HAL/Button/button.o
 .debug_loc     0x0000022e      0x73b HAL/LCD/LCD.o
 .debug_loc     0x00000969       0x5a main.o
 .debug_loc     0x000009c3      0x1aa MCAL/ADC/ADC.o
 .debug_loc     0x00000b6d      0x45c MCAL/GPIO/GPIO.o
 .debug_loc     0x00000fc9      0x506 MCAL/INT/EXT_INT.o
 .debug_loc     0x000014cf      0x64b MCAL/TIMER/TIMER.o
 .debug_loc     0x00001b1a       0x46 MCAL/UART/UART.o

.debug_macinfo
 *(.debug_macinfo)

.debug_weaknames
 *(.debug_weaknames)

.debug_funcnames
 *(.debug_funcnames)

.debug_typenames
 *(.debug_typenames)

.debug_varnames
 *(.debug_varnames)

.debug_pubtypes
 *(.debug_pubtypes)

.debug_ranges   0x00000000      0x378
 *(.debug_ranges)
 .debug_ranges  0x00000000       0x18 HAL/Button/button.o
 .debug_ranges  0x00000018       0x50 HAL/LCD/LCD.o
 .debug_ranges  0x00000068       0x18 main.o
 .debug_ranges  0x00000080       0x98 MCAL/ADC/ADC.o
 .debug_ranges  0x00000118       0x80 MCAL/GPIO/GPIO.o
 .debug_ranges  0x00000198       0x50 MCAL/INT/EXT_INT.o
 .debug_ranges  0x000001e8      0x130 MCAL/TIMER/TIMER.o
 .debug_ranges  0x00000318       0x60 MCAL/UART/UART.o

.debug_macro
 *(.debug_macro)
OUTPUT(Hope.elf elf32-avr)
LOAD linker stubs
