Archive member included to satisfy reference by file (symbol)

c:/program files (x86)/atmel/studio/7.0/toolchain/avr8/avr8-gnu-toolchain/bin/../lib/gcc/avr/5.4.0/avr5\libgcc.a(_exit.o)
                              C:/Program Files (x86)/Atmel/Studio/7.0/Packs/atmel/ATmega_DFP/1.6.364/gcc/dev/atmega32/avr5/crtatmega32.o (exit)
c:/program files (x86)/atmel/studio/7.0/toolchain/avr8/avr8-gnu-toolchain/bin/../lib/gcc/avr/5.4.0/avr5\libgcc.a(_copy_data.o)
                              main.o (__do_copy_data)
c:/program files (x86)/atmel/studio/7.0/toolchain/avr8/avr8-gnu-toolchain/bin/../lib/gcc/avr/5.4.0/avr5\libgcc.a(_clear_bss.o)
                              MCAL/ADC/ADC.o (__do_clear_bss)
c:/program files (x86)/atmel/studio/7.0/toolchain/avr8/avr8-gnu-toolchain/bin/../lib/gcc/avr/5.4.0/avr5\libgcc.a(_umulhisi3.o)
                              HAL/LCD/LCD.o (__umulhisi3)

Discarded input sections

 .data          0x00000000        0x0 C:/Program Files (x86)/Atmel/Studio/7.0/Packs/atmel/ATmega_DFP/1.6.364/gcc/dev/atmega32/avr5/crtatmega32.o
 .bss           0x00000000        0x0 C:/Program Files (x86)/Atmel/Studio/7.0/Packs/atmel/ATmega_DFP/1.6.364/gcc/dev/atmega32/avr5/crtatmega32.o
 .text          0x00000000        0x0 HAL/LCD/LCD.o
 .data          0x00000000        0x0 HAL/LCD/LCD.o
 .bss           0x00000000        0x0 HAL/LCD/LCD.o
 .text.LCD_clear
                0x00000000       0x14 HAL/LCD/LCD.o
 .text          0x00000000        0x0 main.o
 .data          0x00000000        0x0 main.o
 .bss           0x00000000        0x0 main.o
 .data.x        0x00000000        0x2 main.o
 .text          0x00000000        0x0 MCAL/ADC/ADC.o
 .data          0x00000000        0x0 MCAL/ADC/ADC.o
 .bss           0x00000000        0x0 MCAL/ADC/ADC.o
 .text.ADC_enable
                0x00000000        0x8 MCAL/ADC/ADC.o
 .text.ADC_disable
                0x00000000        0x8 MCAL/ADC/ADC.o
 .text.ADC_set_prescaler
                0x00000000       0x28 MCAL/ADC/ADC.o
 .text.ADC_set_voltage_reference
                0x00000000       0x46 MCAL/ADC/ADC.o
 .text.ADC_set_interrupt_callback
                0x00000000        0xe MCAL/ADC/ADC.o
 .text.ADC_register_val
                0x00000000       0x10 MCAL/ADC/ADC.o
 .text.ADC_set_interrupt
                0x00000000        0x8 MCAL/ADC/ADC.o
 .text.ADC_clear_interrupt
                0x00000000        0x8 MCAL/ADC/ADC.o
 .text          0x00000000        0x0 MCAL/GPIO/GPIO.o
 .data          0x00000000        0x0 MCAL/GPIO/GPIO.o
 .bss           0x00000000        0x0 MCAL/GPIO/GPIO.o
 .text.GPIO_init_port_set_mask
                0x00000000       0x1e MCAL/GPIO/GPIO.o
 .text.GPIO_init_port_clear_mask
                0x00000000       0x20 MCAL/GPIO/GPIO.o
 .text.GPIO_port_set_mask
                0x00000000       0x1e MCAL/GPIO/GPIO.o
 .text.GPIO_port_clear_mask
                0x00000000       0x20 MCAL/GPIO/GPIO.o
 .text.GPIO_read_pin
                0x00000000       0x4a MCAL/GPIO/GPIO.o
 .text.GPIO_read_port
                0x00000000       0x1e MCAL/GPIO/GPIO.o
 .text.GPIO_disable_pull_up_res
                0x00000000       0x62 MCAL/GPIO/GPIO.o
 .data.input_registers
                0x00000000        0x8 MCAL/GPIO/GPIO.o
 .text          0x00000000        0x0 MCAL/INT/EXT_INT.o
 .data          0x00000000        0x0 MCAL/INT/EXT_INT.o
 .bss           0x00000000        0x0 MCAL/INT/EXT_INT.o
 .text.EXT_int0_init
                0x00000000       0x84 MCAL/INT/EXT_INT.o
 .text.EXT_int1_init
                0x00000000       0x8a MCAL/INT/EXT_INT.o
 .text.EXT_int2_init
                0x00000000       0x58 MCAL/INT/EXT_INT.o
 .text.EXT_set_interrupt
                0x00000000       0x36 MCAL/INT/EXT_INT.o
 .text.EXT_clear_interrupt
                0x00000000       0x36 MCAL/INT/EXT_INT.o
 .text.EXT_interrupt_init
                0x00000000       0x2c MCAL/INT/EXT_INT.o
 .text          0x00000000        0x0 MCAL/TIMER/TIMER.o
 .data          0x00000000        0x0 MCAL/TIMER/TIMER.o
 .bss           0x00000000        0x0 MCAL/TIMER/TIMER.o
 .text.TIMER0_init
                0x00000000       0xb2 MCAL/TIMER/TIMER.o
 .text.TIMER0_reload
                0x00000000        0x4 MCAL/TIMER/TIMER.o
 .text.TIMER0_compare_reload
                0x00000000        0x4 MCAL/TIMER/TIMER.o
 .text.TIMER0_stop
                0x00000000        0x8 MCAL/TIMER/TIMER.o
 .text.TIMER0_get_current_count
                0x00000000        0x4 MCAL/TIMER/TIMER.o
 .text.TIMER0_overflow_interrupt_enable
                0x00000000        0x8 MCAL/TIMER/TIMER.o
 .text.TIMER0_overflow_interrupt_disable
                0x00000000        0x8 MCAL/TIMER/TIMER.o
 .text.TIMER0_output_compare_interrupt_enable
                0x00000000        0x8 MCAL/TIMER/TIMER.o
 .text.TIMER0_output_compare_interrupt_disable
                0x00000000        0x8 MCAL/TIMER/TIMER.o
 .text.TIMER0_set_overflow_callback
                0x00000000        0x2 MCAL/TIMER/TIMER.o
 .text.TIMER0_set_compare_callback
                0x00000000        0xe MCAL/TIMER/TIMER.o
 .text.TIMER1_init
                0x00000000       0x78 MCAL/TIMER/TIMER.o
 .text.TIMER1A_set_compare_output_mode
                0x00000000       0x48 MCAL/TIMER/TIMER.o
 .text.TIMER1B_set_compare_output_mode
                0x00000000       0x48 MCAL/TIMER/TIMER.o
 .text.TIMER1_reload
                0x00000000        0x4 MCAL/TIMER/TIMER.o
 .text.TIMER1_compare_A_reload
                0x00000000        0x4 MCAL/TIMER/TIMER.o
 .text.TIMER1_compare_B_reload
                0x00000000        0x4 MCAL/TIMER/TIMER.o
 .text.TIMER1_icu_reload
                0x00000000        0x4 MCAL/TIMER/TIMER.o
 .text.TIMER1_stop
                0x00000000        0x8 MCAL/TIMER/TIMER.o
 .text.TIMER1_get_current_count
                0x00000000       0x10 MCAL/TIMER/TIMER.o
 .text.TIMER1_overflow_interrupt_enable
                0x00000000        0x8 MCAL/TIMER/TIMER.o
 .text.TIMER1_overflow_interrupt_disable
                0x00000000        0x8 MCAL/TIMER/TIMER.o
 .text.TIMER1_output_compare_interrupt_enable
                0x00000000        0xe MCAL/TIMER/TIMER.o
 .text.TIMER1_output_compare_interrupt_disable
                0x00000000        0xe MCAL/TIMER/TIMER.o
 .text.TIMER1_input_capture_interrupt_enable
                0x00000000        0x8 MCAL/TIMER/TIMER.o
 .text.TIMER1_input_capture_interrupt_disable
                0x00000000        0x8 MCAL/TIMER/TIMER.o
 .text.TIMER1_set_icu_triggering
                0x00000000       0x18 MCAL/TIMER/TIMER.o
 .text.TIMER1_set_overflow_callback
                0x00000000        0xe MCAL/TIMER/TIMER.o
 .text.TIMER1_set_compare_a_callback
                0x00000000        0xe MCAL/TIMER/TIMER.o
 .text.TIMER1_set_compare_b_callback
                0x00000000        0xe MCAL/TIMER/TIMER.o
 .text.TIMER1_set_input_compare_callback
                0x00000000        0xe MCAL/TIMER/TIMER.o
 .text.TIMER1_periodic_ms
                0x00000000       0x44 MCAL/TIMER/TIMER.o
 .bss.scaler1   0x00000000        0x2 MCAL/TIMER/TIMER.o
 .bss.scaler0   0x00000000        0x2 MCAL/TIMER/TIMER.o
 .bss.flag      0x00000000        0x2 MCAL/TIMER/TIMER.o
 .bss.t3        0x00000000        0x2 MCAL/TIMER/TIMER.o
 .bss.t2        0x00000000        0x2 MCAL/TIMER/TIMER.o
 .bss.t1        0x00000000        0x2 MCAL/TIMER/TIMER.o
 .text          0x00000000        0x0 MCAL/TIMER/TIMER0.o
 .data          0x00000000        0x0 MCAL/TIMER/TIMER0.o
 .bss           0x00000000        0x0 MCAL/TIMER/TIMER0.o
 .text.TIMER0_OV_interrupt_disable
                0x00000000        0x8 MCAL/TIMER/TIMER0.o
 .text          0x00000000        0x0 c:/program files (x86)/atmel/studio/7.0/toolchain/avr8/avr8-gnu-toolchain/bin/../lib/gcc/avr/5.4.0/avr5\libgcc.a(_exit.o)
 .data          0x00000000        0x0 c:/program files (x86)/atmel/studio/7.0/toolchain/avr8/avr8-gnu-toolchain/bin/../lib/gcc/avr/5.4.0/avr5\libgcc.a(_exit.o)
 .bss           0x00000000        0x0 c:/program files (x86)/atmel/studio/7.0/toolchain/avr8/avr8-gnu-toolchain/bin/../lib/gcc/avr/5.4.0/avr5\libgcc.a(_exit.o)
 .text.libgcc.mul
                0x00000000        0x0 c:/program files (x86)/atmel/studio/7.0/toolchain/avr8/avr8-gnu-toolchain/bin/../lib/gcc/avr/5.4.0/avr5\libgcc.a(_exit.o)
 .text.libgcc.div
                0x00000000        0x0 c:/program files (x86)/atmel/studio/7.0/toolchain/avr8/avr8-gnu-toolchain/bin/../lib/gcc/avr/5.4.0/avr5\libgcc.a(_exit.o)
 .text.libgcc   0x00000000        0x0 c:/program files (x86)/atmel/studio/7.0/toolchain/avr8/avr8-gnu-toolchain/bin/../lib/gcc/avr/5.4.0/avr5\libgcc.a(_exit.o)
 .text.libgcc.prologue
                0x00000000        0x0 c:/program files (x86)/atmel/studio/7.0/toolchain/avr8/avr8-gnu-toolchain/bin/../lib/gcc/avr/5.4.0/avr5\libgcc.a(_exit.o)
 .text.libgcc.builtins
                0x00000000        0x0 c:/program files (x86)/atmel/studio/7.0/toolchain/avr8/avr8-gnu-toolchain/bin/../lib/gcc/avr/5.4.0/avr5\libgcc.a(_exit.o)
 .text.libgcc.fmul
                0x00000000        0x0 c:/program files (x86)/atmel/studio/7.0/toolchain/avr8/avr8-gnu-toolchain/bin/../lib/gcc/avr/5.4.0/avr5\libgcc.a(_exit.o)
 .text.libgcc.fixed
                0x00000000        0x0 c:/program files (x86)/atmel/studio/7.0/toolchain/avr8/avr8-gnu-toolchain/bin/../lib/gcc/avr/5.4.0/avr5\libgcc.a(_exit.o)
 .text          0x00000000        0x0 c:/program files (x86)/atmel/studio/7.0/toolchain/avr8/avr8-gnu-toolchain/bin/../lib/gcc/avr/5.4.0/avr5\libgcc.a(_copy_data.o)
 .data          0x00000000        0x0 c:/program files (x86)/atmel/studio/7.0/toolchain/avr8/avr8-gnu-toolchain/bin/../lib/gcc/avr/5.4.0/avr5\libgcc.a(_copy_data.o)
 .bss           0x00000000        0x0 c:/program files (x86)/atmel/studio/7.0/toolchain/avr8/avr8-gnu-toolchain/bin/../lib/gcc/avr/5.4.0/avr5\libgcc.a(_copy_data.o)
 .text.libgcc.mul
                0x00000000        0x0 c:/program files (x86)/atmel/studio/7.0/toolchain/avr8/avr8-gnu-toolchain/bin/../lib/gcc/avr/5.4.0/avr5\libgcc.a(_copy_data.o)
 .text.libgcc.div
                0x00000000        0x0 c:/program files (x86)/atmel/studio/7.0/toolchain/avr8/avr8-gnu-toolchain/bin/../lib/gcc/avr/5.4.0/avr5\libgcc.a(_copy_data.o)
 .text.libgcc   0x00000000        0x0 c:/program files (x86)/atmel/studio/7.0/toolchain/avr8/avr8-gnu-toolchain/bin/../lib/gcc/avr/5.4.0/avr5\libgcc.a(_copy_data.o)
 .text.libgcc.prologue
                0x00000000        0x0 c:/program files (x86)/atmel/studio/7.0/toolchain/avr8/avr8-gnu-toolchain/bin/../lib/gcc/avr/5.4.0/avr5\libgcc.a(_copy_data.o)
 .text.libgcc.builtins
                0x00000000        0x0 c:/program files (x86)/atmel/studio/7.0/toolchain/avr8/avr8-gnu-toolchain/bin/../lib/gcc/avr/5.4.0/avr5\libgcc.a(_copy_data.o)
 .text.libgcc.fmul
                0x00000000        0x0 c:/program files (x86)/atmel/studio/7.0/toolchain/avr8/avr8-gnu-toolchain/bin/../lib/gcc/avr/5.4.0/avr5\libgcc.a(_copy_data.o)
 .text.libgcc.fixed
                0x00000000        0x0 c:/program files (x86)/atmel/studio/7.0/toolchain/avr8/avr8-gnu-toolchain/bin/../lib/gcc/avr/5.4.0/avr5\libgcc.a(_copy_data.o)
 .text          0x00000000        0x0 c:/program files (x86)/atmel/studio/7.0/toolchain/avr8/avr8-gnu-toolchain/bin/../lib/gcc/avr/5.4.0/avr5\libgcc.a(_clear_bss.o)
 .data          0x00000000        0x0 c:/program files (x86)/atmel/studio/7.0/toolchain/avr8/avr8-gnu-toolchain/bin/../lib/gcc/avr/5.4.0/avr5\libgcc.a(_clear_bss.o)
 .bss           0x00000000        0x0 c:/program files (x86)/atmel/studio/7.0/toolchain/avr8/avr8-gnu-toolchain/bin/../lib/gcc/avr/5.4.0/avr5\libgcc.a(_clear_bss.o)
 .text.libgcc.mul
                0x00000000        0x0 c:/program files (x86)/atmel/studio/7.0/toolchain/avr8/avr8-gnu-toolchain/bin/../lib/gcc/avr/5.4.0/avr5\libgcc.a(_clear_bss.o)
 .text.libgcc.div
                0x00000000        0x0 c:/program files (x86)/atmel/studio/7.0/toolchain/avr8/avr8-gnu-toolchain/bin/../lib/gcc/avr/5.4.0/avr5\libgcc.a(_clear_bss.o)
 .text.libgcc   0x00000000        0x0 c:/program files (x86)/atmel/studio/7.0/toolchain/avr8/avr8-gnu-toolchain/bin/../lib/gcc/avr/5.4.0/avr5\libgcc.a(_clear_bss.o)
 .text.libgcc.prologue
                0x00000000        0x0 c:/program files (x86)/atmel/studio/7.0/toolchain/avr8/avr8-gnu-toolchain/bin/../lib/gcc/avr/5.4.0/avr5\libgcc.a(_clear_bss.o)
 .text.libgcc.builtins
                0x00000000        0x0 c:/program files (x86)/atmel/studio/7.0/toolchain/avr8/avr8-gnu-toolchain/bin/../lib/gcc/avr/5.4.0/avr5\libgcc.a(_clear_bss.o)
 .text.libgcc.fmul
                0x00000000        0x0 c:/program files (x86)/atmel/studio/7.0/toolchain/avr8/avr8-gnu-toolchain/bin/../lib/gcc/avr/5.4.0/avr5\libgcc.a(_clear_bss.o)
 .text.libgcc.fixed
                0x00000000        0x0 c:/program files (x86)/atmel/studio/7.0/toolchain/avr8/avr8-gnu-toolchain/bin/../lib/gcc/avr/5.4.0/avr5\libgcc.a(_clear_bss.o)
 .text          0x00000000        0x0 c:/program files (x86)/atmel/studio/7.0/toolchain/avr8/avr8-gnu-toolchain/bin/../lib/gcc/avr/5.4.0/avr5\libgcc.a(_umulhisi3.o)
 .data          0x00000000        0x0 c:/program files (x86)/atmel/studio/7.0/toolchain/avr8/avr8-gnu-toolchain/bin/../lib/gcc/avr/5.4.0/avr5\libgcc.a(_umulhisi3.o)
 .bss           0x00000000        0x0 c:/program files (x86)/atmel/studio/7.0/toolchain/avr8/avr8-gnu-toolchain/bin/../lib/gcc/avr/5.4.0/avr5\libgcc.a(_umulhisi3.o)
 .text.libgcc.div
                0x00000000        0x0 c:/program files (x86)/atmel/studio/7.0/toolchain/avr8/avr8-gnu-toolchain/bin/../lib/gcc/avr/5.4.0/avr5\libgcc.a(_umulhisi3.o)
 .text.libgcc   0x00000000        0x0 c:/program files (x86)/atmel/studio/7.0/toolchain/avr8/avr8-gnu-toolchain/bin/../lib/gcc/avr/5.4.0/avr5\libgcc.a(_umulhisi3.o)
 .text.libgcc.prologue
                0x00000000        0x0 c:/program files (x86)/atmel/studio/7.0/toolchain/avr8/avr8-gnu-toolchain/bin/../lib/gcc/avr/5.4.0/avr5\libgcc.a(_umulhisi3.o)
 .text.libgcc.builtins
                0x00000000        0x0 c:/program files (x86)/atmel/studio/7.0/toolchain/avr8/avr8-gnu-toolchain/bin/../lib/gcc/avr/5.4.0/avr5\libgcc.a(_umulhisi3.o)
 .text.libgcc.fmul
                0x00000000        0x0 c:/program files (x86)/atmel/studio/7.0/toolchain/avr8/avr8-gnu-toolchain/bin/../lib/gcc/avr/5.4.0/avr5\libgcc.a(_umulhisi3.o)
 .text.libgcc.fixed
                0x00000000        0x0 c:/program files (x86)/atmel/studio/7.0/toolchain/avr8/avr8-gnu-toolchain/bin/../lib/gcc/avr/5.4.0/avr5\libgcc.a(_umulhisi3.o)

Memory Configuration

Name             Origin             Length             Attributes
text             0x00000000         0x00008000         xr
data             0x00800060         0x00000800         rw !x
eeprom           0x00810000         0x00000400         rw !x
fuse             0x00820000         0x00000002         rw !x
lock             0x00830000         0x00000400         rw !x
signature        0x00840000         0x00000400         rw !x
user_signatures  0x00850000         0x00000400         rw !x
*default*        0x00000000         0xffffffff

Linker script and memory map

LOAD C:/Program Files (x86)/Atmel/Studio/7.0/Packs/atmel/ATmega_DFP/1.6.364/gcc/dev/atmega32/avr5/crtatmega32.o
LOAD HAL/LCD/LCD.o
LOAD main.o
LOAD MCAL/ADC/ADC.o
LOAD MCAL/GPIO/GPIO.o
LOAD MCAL/INT/EXT_INT.o
LOAD MCAL/TIMER/TIMER.o
LOAD MCAL/TIMER/TIMER0.o
START GROUP
LOAD c:/program files (x86)/atmel/studio/7.0/toolchain/avr8/avr8-gnu-toolchain/bin/../lib/gcc/avr/5.4.0/../../../../avr/lib/avr5\libm.a
END GROUP
START GROUP
LOAD c:/program files (x86)/atmel/studio/7.0/toolchain/avr8/avr8-gnu-toolchain/bin/../lib/gcc/avr/5.4.0/avr5\libgcc.a
LOAD c:/program files (x86)/atmel/studio/7.0/toolchain/avr8/avr8-gnu-toolchain/bin/../lib/gcc/avr/5.4.0/../../../../avr/lib/avr5\libm.a
LOAD c:/program files (x86)/atmel/studio/7.0/toolchain/avr8/avr8-gnu-toolchain/bin/../lib/gcc/avr/5.4.0/../../../../avr/lib/avr5\libc.a
LOAD C:/Program Files (x86)/Atmel/Studio/7.0/Packs/atmel/ATmega_DFP/1.6.364/gcc/dev/atmega32/avr5\libatmega32.a
END GROUP
                0x00000000                __TEXT_REGION_ORIGIN__ = DEFINED (__TEXT_REGION_ORIGIN__)?__TEXT_REGION_ORIGIN__:0x0
                [0x00800060]                __DATA_REGION_ORIGIN__ = DEFINED (__DATA_REGION_ORIGIN__)?__DATA_REGION_ORIGIN__:0x800060
                [0x00008000]                __TEXT_REGION_LENGTH__ = DEFINED (__TEXT_REGION_LENGTH__)?__TEXT_REGION_LENGTH__:0x20000
                [0x00000800]                __DATA_REGION_LENGTH__ = DEFINED (__DATA_REGION_LENGTH__)?__DATA_REGION_LENGTH__:0xffa0
                [0x00000400]                __EEPROM_REGION_LENGTH__ = DEFINED (__EEPROM_REGION_LENGTH__)?__EEPROM_REGION_LENGTH__:0x10000
                [0x00000002]                __FUSE_REGION_LENGTH__ = DEFINED (__FUSE_REGION_LENGTH__)?__FUSE_REGION_LENGTH__:0x400
                0x00000400                __LOCK_REGION_LENGTH__ = DEFINED (__LOCK_REGION_LENGTH__)?__LOCK_REGION_LENGTH__:0x400
                0x00000400                __SIGNATURE_REGION_LENGTH__ = DEFINED (__SIGNATURE_REGION_LENGTH__)?__SIGNATURE_REGION_LENGTH__:0x400
                0x00000400                __USER_SIGNATURE_REGION_LENGTH__ = DEFINED (__USER_SIGNATURE_REGION_LENGTH__)?__USER_SIGNATURE_REGION_LENGTH__:0x400

.hash
 *(.hash)

.dynsym
 *(.dynsym)

.dynstr
 *(.dynstr)

.gnu.version
 *(.gnu.version)

.gnu.version_d
 *(.gnu.version_d)

.gnu.version_r
 *(.gnu.version_r)

.rel.init
 *(.rel.init)

.rela.init
 *(.rela.init)

.rel.text
 *(.rel.text)
 *(.rel.text.*)
 *(.rel.gnu.linkonce.t*)

.rela.text
 *(.rela.text)
 *(.rela.text.*)
 *(.rela.gnu.linkonce.t*)

.rel.fini
 *(.rel.fini)

.rela.fini
 *(.rela.fini)

.rel.rodata
 *(.rel.rodata)
 *(.rel.rodata.*)
 *(.rel.gnu.linkonce.r*)

.rela.rodata
 *(.rela.rodata)
 *(.rela.rodata.*)
 *(.rela.gnu.linkonce.r*)

.rel.data
 *(.rel.data)
 *(.rel.data.*)
 *(.rel.gnu.linkonce.d*)

.rela.data
 *(.rela.data)
 *(.rela.data.*)
 *(.rela.gnu.linkonce.d*)

.rel.ctors
 *(.rel.ctors)

.rela.ctors
 *(.rela.ctors)

.rel.dtors
 *(.rel.dtors)

.rela.dtors
 *(.rela.dtors)

.rel.got
 *(.rel.got)

.rela.got
 *(.rela.got)

.rel.bss
 *(.rel.bss)

.rela.bss
 *(.rela.bss)

.rel.plt
 *(.rel.plt)

.rela.plt
 *(.rela.plt)

.text           0x00000000      0x942
 *(.vectors)
 .vectors       0x00000000       0x54 C:/Program Files (x86)/Atmel/Studio/7.0/Packs/atmel/ATmega_DFP/1.6.364/gcc/dev/atmega32/avr5/crtatmega32.o
                0x00000000                __vector_default
                0x00000000                __vectors
 *(.vectors)
 *(.progmem.gcc*)
                0x00000054                . = ALIGN (0x2)
                0x00000054                __trampolines_start = .
 *(.trampolines)
 .trampolines   0x00000054        0x0 linker stubs
 *(.trampolines*)
                0x00000054                __trampolines_end = .
 *libprintf_flt.a:*(.progmem.data)
 *libc.a:*(.progmem.data)
 *(.progmem*)
                0x00000054                . = ALIGN (0x2)
 *(.jumptables)
 *(.jumptables*)
 *(.lowtext)
 *(.lowtext*)
                0x00000054                __ctors_start = .
 *(.ctors)
                0x00000054                __ctors_end = .
                0x00000054                __dtors_start = .
 *(.dtors)
                0x00000054                __dtors_end = .
 SORT(*)(.ctors)
 SORT(*)(.dtors)
 *(.init0)
 .init0         0x00000054        0x0 C:/Program Files (x86)/Atmel/Studio/7.0/Packs/atmel/ATmega_DFP/1.6.364/gcc/dev/atmega32/avr5/crtatmega32.o
                0x00000054                __init
 *(.init0)
 *(.init1)
 *(.init1)
 *(.init2)
 .init2         0x00000054        0xc C:/Program Files (x86)/Atmel/Studio/7.0/Packs/atmel/ATmega_DFP/1.6.364/gcc/dev/atmega32/avr5/crtatmega32.o
 *(.init2)
 *(.init3)
 *(.init3)
 *(.init4)
 .init4         0x00000060       0x16 c:/program files (x86)/atmel/studio/7.0/toolchain/avr8/avr8-gnu-toolchain/bin/../lib/gcc/avr/5.4.0/avr5\libgcc.a(_copy_data.o)
                0x00000060                __do_copy_data
 .init4         0x00000076       0x10 c:/program files (x86)/atmel/studio/7.0/toolchain/avr8/avr8-gnu-toolchain/bin/../lib/gcc/avr/5.4.0/avr5\libgcc.a(_clear_bss.o)
                0x00000076                __do_clear_bss
 *(.init4)
 *(.init5)
 *(.init5)
 *(.init6)
 *(.init6)
 *(.init7)
 *(.init7)
 *(.init8)
 *(.init8)
 *(.init9)
 .init9         0x00000086        0x8 C:/Program Files (x86)/Atmel/Studio/7.0/Packs/atmel/ATmega_DFP/1.6.364/gcc/dev/atmega32/avr5/crtatmega32.o
 *(.init9)
 *(.text)
 .text          0x0000008e        0x4 C:/Program Files (x86)/Atmel/Studio/7.0/Packs/atmel/ATmega_DFP/1.6.364/gcc/dev/atmega32/avr5/crtatmega32.o
                0x0000008e                __vector_12
                0x0000008e                __bad_interrupt
                0x0000008e                __vector_11
                0x0000008e                __vector_13
                0x0000008e                __vector_17
                0x0000008e                __vector_19
                0x0000008e                __vector_5
                0x0000008e                __vector_4
                0x0000008e                __vector_15
                0x0000008e                __vector_14
                0x0000008e                __vector_18
                0x0000008e                __vector_20
                0x00000092                . = ALIGN (0x2)
 *(.text.*)
 .text.lcd_write_command
                0x00000092       0x50 HAL/LCD/LCD.o
 .text.lcd_write_data
                0x000000e2       0x50 HAL/LCD/LCD.o
 .text.LCD_Init
                0x00000132       0x74 HAL/LCD/LCD.o
                0x00000132                LCD_Init
 .text.LCD_write_char
                0x000001a6        0xa HAL/LCD/LCD.o
                0x000001a6                LCD_write_char
 .text.LCD_write_string
                0x000001b0       0x26 HAL/LCD/LCD.o
                0x000001b0                LCD_write_string
 .text.LCD_go_to
                0x000001d6       0x24 HAL/LCD/LCD.o
                0x000001d6                LCD_go_to
 .text.LCD_write_number
                0x000001fa       0xbc HAL/LCD/LCD.o
                0x000001fa                LCD_write_number
 .text.LCD_clear_next_chars
                0x000002b6       0x1c HAL/LCD/LCD.o
                0x000002b6                LCD_clear_next_chars
 .text.main     0x000002d2       0x6a main.o
                0x000002d2                main
 .text.ADC_init
                0x0000033c       0xbc MCAL/ADC/ADC.o
                0x0000033c                ADC_init
 .text.ADC_set_auto_triggering
                0x000003f8       0x70 MCAL/ADC/ADC.o
                0x000003f8                ADC_set_auto_triggering
 .text.ADC_start_conversion
                0x00000468        0x8 MCAL/ADC/ADC.o
                0x00000468                ADC_start_conversion
 .text.ADC_conversion_flag
                0x00000470       0x18 MCAL/ADC/ADC.o
                0x00000470                ADC_conversion_flag
 .text.ADC_read
                0x00000488       0x1c MCAL/ADC/ADC.o
                0x00000488                ADC_read
 .text.__vector_16
                0x000004a4       0x52 MCAL/ADC/ADC.o
                0x000004a4                __vector_16
 .text.GPIO_init_pin
                0x000004f6       0x54 MCAL/GPIO/GPIO.o
                0x000004f6                GPIO_init_pin
 .text.GPIO_init_port
                0x0000054a       0x1a MCAL/GPIO/GPIO.o
                0x0000054a                GPIO_init_port
 .text.GPIO_write_pin
                0x00000564       0x4c MCAL/GPIO/GPIO.o
                0x00000564                GPIO_write_pin
 .text.GPIO_write_port
                0x000005b0       0x1a MCAL/GPIO/GPIO.o
                0x000005b0                GPIO_write_port
 .text.GPIO_enable_pull_up_res
                0x000005ca       0x60 MCAL/GPIO/GPIO.o
                0x000005ca                GPIO_enable_pull_up_res
 .text.__vector_1
                0x0000062a       0x4e MCAL/INT/EXT_INT.o
                0x0000062a                __vector_1
 .text.__vector_2
                0x00000678       0x4e MCAL/INT/EXT_INT.o
                0x00000678                __vector_2
 .text.__vector_3
                0x000006c6       0x4e MCAL/INT/EXT_INT.o
                0x000006c6                __vector_3
 .text.__vector_10
                0x00000714       0x52 MCAL/TIMER/TIMER.o
                0x00000714                __vector_10
 .text.__vector_9
                0x00000766       0x52 MCAL/TIMER/TIMER.o
                0x00000766                __vector_9
 .text.__vector_7
                0x000007b8       0x52 MCAL/TIMER/TIMER.o
                0x000007b8                __vector_7
 .text.__vector_8
                0x0000080a       0x52 MCAL/TIMER/TIMER.o
                0x0000080a                __vector_8
 .text.__vector_6
                0x0000085c       0x52 MCAL/TIMER/TIMER.o
                0x0000085c                __vector_6
 .text.TIMER_Init
                0x000008ae       0x6a MCAL/TIMER/TIMER0.o
                0x000008ae                TIMER_Init
 .text.TIMER0_OV_interrupt_enable
                0x00000918        0x8 MCAL/TIMER/TIMER0.o
                0x00000918                TIMER0_OV_interrupt_enable
 .text.libgcc.mul
                0x00000920       0x1e c:/program files (x86)/atmel/studio/7.0/toolchain/avr8/avr8-gnu-toolchain/bin/../lib/gcc/avr/5.4.0/avr5\libgcc.a(_umulhisi3.o)
                0x00000920                __umulhisi3
                0x0000093e                . = ALIGN (0x2)
 *(.fini9)
 .fini9         0x0000093e        0x0 c:/program files (x86)/atmel/studio/7.0/toolchain/avr8/avr8-gnu-toolchain/bin/../lib/gcc/avr/5.4.0/avr5\libgcc.a(_exit.o)
                0x0000093e                _exit
                0x0000093e                exit
 *(.fini9)
 *(.fini8)
 *(.fini8)
 *(.fini7)
 *(.fini7)
 *(.fini6)
 *(.fini6)
 *(.fini5)
 *(.fini5)
 *(.fini4)
 *(.fini4)
 *(.fini3)
 *(.fini3)
 *(.fini2)
 *(.fini2)
 *(.fini1)
 *(.fini1)
 *(.fini0)
 .fini0         0x0000093e        0x4 c:/program files (x86)/atmel/studio/7.0/toolchain/avr8/avr8-gnu-toolchain/bin/../lib/gcc/avr/5.4.0/avr5\libgcc.a(_exit.o)
 *(.fini0)
                0x00000942                _etext = .

.data           0x00800060       0x20 load address 0x00000942
                0x00800060                PROVIDE (__data_start, .)
 *(.data)
 *(.data*)
 .data.output_registers
                0x00800060        0x8 MCAL/GPIO/GPIO.o
                0x00800060                output_registers
 .data.direction_regisers
                0x00800068        0x8 MCAL/GPIO/GPIO.o
                0x00800068                direction_regisers
 *(.gnu.linkonce.d*)
 *(.rodata)
 *(.rodata*)
 .rodata.str1.1
                0x00800070       0x10 main.o
 *(.gnu.linkonce.r*)
                0x00800080                . = ALIGN (0x2)
                0x00800080                _edata = .
                0x00800080                PROVIDE (__data_end, .)

.bss            0x00800080       0x12
                0x00800080                PROVIDE (__bss_start, .)
 *(.bss)
 *(.bss*)
 .bss.adc_isr   0x00800080        0x2 MCAL/ADC/ADC.o
 .bss.EXT_int2_isr
                0x00800082        0x2 MCAL/INT/EXT_INT.o
 .bss.EXT_int1_isr
                0x00800084        0x2 MCAL/INT/EXT_INT.o
 .bss.EXT_int0_isr
                0x00800086        0x2 MCAL/INT/EXT_INT.o
 .bss.timer1_input_capture_isr
                0x00800088        0x2 MCAL/TIMER/TIMER.o
 .bss.timer1_compare_b_isr
                0x0080008a        0x2 MCAL/TIMER/TIMER.o
 .bss.timer1_compare_a_isr
                0x0080008c        0x2 MCAL/TIMER/TIMER.o
 .bss.timer1_overflow_isr
                0x0080008e        0x2 MCAL/TIMER/TIMER.o
 .bss.timer0_compare_isr
                0x00800090        0x2 MCAL/TIMER/TIMER.o
 *(COMMON)
                0x00800092                PROVIDE (__bss_end, .)
                0x00000942                __data_load_start = LOADADDR (.data)
                0x00000962                __data_load_end = (__data_load_start + SIZEOF (.data))

.noinit         0x00800092        0x0
                [!provide]                PROVIDE (__noinit_start, .)
 *(.noinit*)
                [!provide]                PROVIDE (__noinit_end, .)
                0x00800092                _end = .
                [!provide]                PROVIDE (__heap_start, .)

.eeprom         0x00810000        0x0
 *(.eeprom*)
                0x00810000                __eeprom_end = .

.fuse
 *(.fuse)
 *(.lfuse)
 *(.hfuse)
 *(.efuse)

.lock
 *(.lock*)

.signature
 *(.signature*)

.user_signatures
 *(.user_signatures*)

.stab
 *(.stab)

.stabstr
 *(.stabstr)

.stab.excl
 *(.stab.excl)

.stab.exclstr
 *(.stab.exclstr)

.stab.index
 *(.stab.index)

.stab.indexstr
 *(.stab.indexstr)

.comment        0x00000000       0x30
 *(.comment)
 .comment       0x00000000       0x30 HAL/LCD/LCD.o
                                 0x31 (size before relaxing)
 .comment       0x00000030       0x31 main.o
 .comment       0x00000030       0x31 MCAL/ADC/ADC.o
 .comment       0x00000030       0x31 MCAL/GPIO/GPIO.o
 .comment       0x00000030       0x31 MCAL/INT/EXT_INT.o
 .comment       0x00000030       0x31 MCAL/TIMER/TIMER.o
 .comment       0x00000030       0x31 MCAL/TIMER/TIMER0.o

.note.gnu.avr.deviceinfo
                0x00000000       0x3c
 .note.gnu.avr.deviceinfo
                0x00000000       0x3c C:/Program Files (x86)/Atmel/Studio/7.0/Packs/atmel/ATmega_DFP/1.6.364/gcc/dev/atmega32/avr5/crtatmega32.o

.note.gnu.build-id
 *(.note.gnu.build-id)

.debug
 *(.debug)

.line
 *(.line)

.debug_srcinfo
 *(.debug_srcinfo)

.debug_sfnames
 *(.debug_sfnames)

.debug_aranges  0x00000000      0x350
 *(.debug_aranges)
 .debug_aranges
                0x00000000       0x60 HAL/LCD/LCD.o
 .debug_aranges
                0x00000060       0x20 main.o
 .debug_aranges
                0x00000080       0x88 MCAL/ADC/ADC.o
 .debug_aranges
                0x00000108       0x78 MCAL/GPIO/GPIO.o
 .debug_aranges
                0x00000180       0x60 MCAL/INT/EXT_INT.o
 .debug_aranges
                0x000001e0      0x140 MCAL/TIMER/TIMER.o
 .debug_aranges
                0x00000320       0x30 MCAL/TIMER/TIMER0.o

.debug_pubnames
 *(.debug_pubnames)

.debug_info     0x00000000     0x2692
 *(.debug_info .gnu.linkonce.wi.*)
 .debug_info    0x00000000      0x4e6 C:/Program Files (x86)/Atmel/Studio/7.0/Packs/atmel/ATmega_DFP/1.6.364/gcc/dev/atmega32/avr5/crtatmega32.o
 .debug_info    0x000004e6      0x7f7 HAL/LCD/LCD.o
 .debug_info    0x00000cdd      0x4cd main.o
 .debug_info    0x000011aa      0x3d1 MCAL/ADC/ADC.o
 .debug_info    0x0000157b      0x424 MCAL/GPIO/GPIO.o
 .debug_info    0x0000199f      0x346 MCAL/INT/EXT_INT.o
 .debug_info    0x00001ce5      0x857 MCAL/TIMER/TIMER.o
 .debug_info    0x0000253c      0x156 MCAL/TIMER/TIMER0.o

.debug_abbrev   0x00000000      0xdd8
 *(.debug_abbrev)
 .debug_abbrev  0x00000000      0x4a3 C:/Program Files (x86)/Atmel/Studio/7.0/Packs/atmel/ATmega_DFP/1.6.364/gcc/dev/atmega32/avr5/crtatmega32.o
 .debug_abbrev  0x000004a3      0x221 HAL/LCD/LCD.o
 .debug_abbrev  0x000006c4      0x15d main.o
 .debug_abbrev  0x00000821      0x113 MCAL/ADC/ADC.o
 .debug_abbrev  0x00000934      0x105 MCAL/GPIO/GPIO.o
 .debug_abbrev  0x00000a39      0x13c MCAL/INT/EXT_INT.o
 .debug_abbrev  0x00000b75      0x1bb MCAL/TIMER/TIMER.o
 .debug_abbrev  0x00000d30       0xa8 MCAL/TIMER/TIMER0.o

.debug_line     0x00000000     0x15da
 *(.debug_line .debug_line.* .debug_line_end)
 .debug_line    0x00000000      0x116 C:/Program Files (x86)/Atmel/Studio/7.0/Packs/atmel/ATmega_DFP/1.6.364/gcc/dev/atmega32/avr5/crtatmega32.o
 .debug_line    0x00000116      0x391 HAL/LCD/LCD.o
 .debug_line    0x000004a7      0x1fd main.o
 .debug_line    0x000006a4      0x280 MCAL/ADC/ADC.o
 .debug_line    0x00000924      0x262 MCAL/GPIO/GPIO.o
 .debug_line    0x00000b86      0x3b0 MCAL/INT/EXT_INT.o
 .debug_line    0x00000f36      0x5a4 MCAL/TIMER/TIMER.o
 .debug_line    0x000014da      0x100 MCAL/TIMER/TIMER0.o

.debug_frame    0x00000000      0x8bc
 *(.debug_frame)
 .debug_frame   0x00000000       0xe8 HAL/LCD/LCD.o
 .debug_frame   0x000000e8       0x24 main.o
 .debug_frame   0x0000010c      0x13c MCAL/ADC/ADC.o
 .debug_frame   0x00000248       0xd4 MCAL/GPIO/GPIO.o
 .debug_frame   0x0000031c      0x17c MCAL/INT/EXT_INT.o
 .debug_frame   0x00000498      0x3e0 MCAL/TIMER/TIMER.o
 .debug_frame   0x00000878       0x44 MCAL/TIMER/TIMER0.o

.debug_str      0x00000000     0x1851
 *(.debug_str)
 .debug_str     0x00000000      0x196 C:/Program Files (x86)/Atmel/Studio/7.0/Packs/atmel/ATmega_DFP/1.6.364/gcc/dev/atmega32/avr5/crtatmega32.o
 .debug_str     0x00000196      0x2ac HAL/LCD/LCD.o
                                0x2f2 (size before relaxing)
 .debug_str     0x00000442      0x7a8 main.o
                                0xa4b (size before relaxing)
 .debug_str     0x00000bea      0x12d MCAL/ADC/ADC.o
                                0x9a2 (size before relaxing)
 .debug_str     0x00000d17       0xfc MCAL/GPIO/GPIO.o
                                0x2ed (size before relaxing)
 .debug_str     0x00000e13      0x194 MCAL/INT/EXT_INT.o
                                0x2fb (size before relaxing)
 .debug_str     0x00000fa7      0x859 MCAL/TIMER/TIMER.o
                                0x9ec (size before relaxing)
 .debug_str     0x00001800       0x51 MCAL/TIMER/TIMER0.o
                                0x27d (size before relaxing)

.debug_loc      0x00000000     0x1763
 *(.debug_loc)
 .debug_loc     0x00000000      0x5c9 HAL/LCD/LCD.o
 .debug_loc     0x000005c9       0x28 main.o
 .debug_loc     0x000005f1      0x1aa MCAL/ADC/ADC.o
 .debug_loc     0x0000079b      0x3ea MCAL/GPIO/GPIO.o
 .debug_loc     0x00000b85      0x506 MCAL/INT/EXT_INT.o
 .debug_loc     0x0000108b      0x64b MCAL/TIMER/TIMER.o
 .debug_loc     0x000016d6       0x8d MCAL/TIMER/TIMER0.o

.debug_macinfo
 *(.debug_macinfo)

.debug_weaknames
 *(.debug_weaknames)

.debug_funcnames
 *(.debug_funcnames)

.debug_typenames
 *(.debug_typenames)

.debug_varnames
 *(.debug_varnames)

.debug_pubtypes
 *(.debug_pubtypes)

.debug_ranges   0x00000000      0x2e0
 *(.debug_ranges)
 .debug_ranges  0x00000000       0x50 HAL/LCD/LCD.o
 .debug_ranges  0x00000050       0x10 main.o
 .debug_ranges  0x00000060       0x78 MCAL/ADC/ADC.o
 .debug_ranges  0x000000d8       0x68 MCAL/GPIO/GPIO.o
 .debug_ranges  0x00000140       0x50 MCAL/INT/EXT_INT.o
 .debug_ranges  0x00000190      0x130 MCAL/TIMER/TIMER.o
 .debug_ranges  0x000002c0       0x20 MCAL/TIMER/TIMER0.o

.debug_macro
 *(.debug_macro)
OUTPUT(Hope.elf elf32-avr)
LOAD linker stubs
